Archive member included to satisfy reference by file (symbol)

c:/progra~2/gnuarm~1/102021~1.10/bin/../lib/gcc/arm-none-eabi/10.3.1/../../../../arm-none-eabi/lib/thumb/v7e-m+fp/hard\libc_nano.a(lib_a-exit.o)
                              c:/progra~2/gnuarm~1/102021~1.10/bin/../lib/gcc/arm-none-eabi/10.3.1/../../../../arm-none-eabi/lib/thumb/v7e-m+fp/hard/crt0.o (exit)
c:/progra~2/gnuarm~1/102021~1.10/bin/../lib/gcc/arm-none-eabi/10.3.1/../../../../arm-none-eabi/lib/thumb/v7e-m+fp/hard\libc_nano.a(lib_a-impure.o)
                              c:/progra~2/gnuarm~1/102021~1.10/bin/../lib/gcc/arm-none-eabi/10.3.1/../../../../arm-none-eabi/lib/thumb/v7e-m+fp/hard\libc_nano.a(lib_a-exit.o) (_global_impure_ptr)
c:/progra~2/gnuarm~1/102021~1.10/bin/../lib/gcc/arm-none-eabi/10.3.1/../../../../arm-none-eabi/lib/thumb/v7e-m+fp/hard\libc_nano.a(lib_a-init.o)
                              c:/progra~2/gnuarm~1/102021~1.10/bin/../lib/gcc/arm-none-eabi/10.3.1/../../../../arm-none-eabi/lib/thumb/v7e-m+fp/hard/crt0.o (__libc_init_array)
c:/progra~2/gnuarm~1/102021~1.10/bin/../lib/gcc/arm-none-eabi/10.3.1/../../../../arm-none-eabi/lib/thumb/v7e-m+fp/hard\libc_nano.a(lib_a-memset.o)
                              c:/progra~2/gnuarm~1/102021~1.10/bin/../lib/gcc/arm-none-eabi/10.3.1/../../../../arm-none-eabi/lib/thumb/v7e-m+fp/hard/crt0.o (memset)
c:/progra~2/gnuarm~1/102021~1.10/bin/../lib/gcc/arm-none-eabi/10.3.1/../../../../arm-none-eabi/lib/thumb/v7e-m+fp/hard\libc_nano.a(lib_a-nano-vfprintf_float.o)
                              (_printf_float)
c:/progra~2/gnuarm~1/102021~1.10/bin/../lib/gcc/arm-none-eabi/10.3.1/../../../../arm-none-eabi/lib/thumb/v7e-m+fp/hard\libc_nano.a(lib_a-nano-vfprintf_i.o)
                              c:/progra~2/gnuarm~1/102021~1.10/bin/../lib/gcc/arm-none-eabi/10.3.1/../../../../arm-none-eabi/lib/thumb/v7e-m+fp/hard\libc_nano.a(lib_a-nano-vfprintf_float.o) (_printf_common)
c:/progra~2/gnuarm~1/102021~1.10/bin/../lib/gcc/arm-none-eabi/10.3.1/../../../../arm-none-eabi/lib/thumb/v7e-m+fp/hard\libc_nano.a(lib_a-strlen.o)
                              c:/progra~2/gnuarm~1/102021~1.10/bin/../lib/gcc/arm-none-eabi/10.3.1/../../../../arm-none-eabi/lib/thumb/v7e-m+fp/hard\libc_nano.a(lib_a-nano-vfprintf_float.o) (strlen)
c:/progra~2/gnuarm~1/102021~1.10/bin/../lib/gcc/arm-none-eabi/10.3.1/../../../../arm-none-eabi/lib/thumb/v7e-m+fp/hard\libc_nano.a(lib_a-dtoa.o)
                              c:/progra~2/gnuarm~1/102021~1.10/bin/../lib/gcc/arm-none-eabi/10.3.1/../../../../arm-none-eabi/lib/thumb/v7e-m+fp/hard\libc_nano.a(lib_a-nano-vfprintf_float.o) (_dtoa_r)
c:/progra~2/gnuarm~1/102021~1.10/bin/../lib/gcc/arm-none-eabi/10.3.1/../../../../arm-none-eabi/lib/thumb/v7e-m+fp/hard\libc_nano.a(lib_a-localeconv.o)
                              c:/progra~2/gnuarm~1/102021~1.10/bin/../lib/gcc/arm-none-eabi/10.3.1/../../../../arm-none-eabi/lib/thumb/v7e-m+fp/hard\libc_nano.a(lib_a-nano-vfprintf_float.o) (_localeconv_r)
c:/progra~2/gnuarm~1/102021~1.10/bin/../lib/gcc/arm-none-eabi/10.3.1/../../../../arm-none-eabi/lib/thumb/v7e-m+fp/hard\libc_nano.a(lib_a-malloc.o)
                              c:/progra~2/gnuarm~1/102021~1.10/bin/../lib/gcc/arm-none-eabi/10.3.1/../../../../arm-none-eabi/lib/thumb/v7e-m+fp/hard\libc_nano.a(lib_a-dtoa.o) (malloc)
c:/progra~2/gnuarm~1/102021~1.10/bin/../lib/gcc/arm-none-eabi/10.3.1/../../../../arm-none-eabi/lib/thumb/v7e-m+fp/hard\libc_nano.a(lib_a-memchr.o)
                              c:/progra~2/gnuarm~1/102021~1.10/bin/../lib/gcc/arm-none-eabi/10.3.1/../../../../arm-none-eabi/lib/thumb/v7e-m+fp/hard\libc_nano.a(lib_a-nano-vfprintf_i.o) (memchr)
c:/progra~2/gnuarm~1/102021~1.10/bin/../lib/gcc/arm-none-eabi/10.3.1/../../../../arm-none-eabi/lib/thumb/v7e-m+fp/hard\libc_nano.a(lib_a-memcpy-stub.o)
                              c:/progra~2/gnuarm~1/102021~1.10/bin/../lib/gcc/arm-none-eabi/10.3.1/../../../../arm-none-eabi/lib/thumb/v7e-m+fp/hard\libc_nano.a(lib_a-dtoa.o) (memcpy)
c:/progra~2/gnuarm~1/102021~1.10/bin/../lib/gcc/arm-none-eabi/10.3.1/../../../../arm-none-eabi/lib/thumb/v7e-m+fp/hard\libc_nano.a(lib_a-mprec.o)
                              c:/progra~2/gnuarm~1/102021~1.10/bin/../lib/gcc/arm-none-eabi/10.3.1/../../../../arm-none-eabi/lib/thumb/v7e-m+fp/hard\libc_nano.a(lib_a-dtoa.o) (_Balloc)
c:/progra~2/gnuarm~1/102021~1.10/bin/../lib/gcc/arm-none-eabi/10.3.1/../../../../arm-none-eabi/lib/thumb/v7e-m+fp/hard\libc_nano.a(lib_a-nano-callocr.o)
                              c:/progra~2/gnuarm~1/102021~1.10/bin/../lib/gcc/arm-none-eabi/10.3.1/../../../../arm-none-eabi/lib/thumb/v7e-m+fp/hard\libc_nano.a(lib_a-mprec.o) (_calloc_r)
c:/progra~2/gnuarm~1/102021~1.10/bin/../lib/gcc/arm-none-eabi/10.3.1/../../../../arm-none-eabi/lib/thumb/v7e-m+fp/hard\libc_nano.a(lib_a-nano-freer.o)
                              c:/progra~2/gnuarm~1/102021~1.10/bin/../lib/gcc/arm-none-eabi/10.3.1/../../../../arm-none-eabi/lib/thumb/v7e-m+fp/hard\libc_nano.a(lib_a-malloc.o) (_free_r)
[...]
Memory Configuration

Name             Origin             Length             Attributes
RAM              0x20000000         0x00003000         xrw
CCMRAM           0x10000000         0x00001000         xrw
FLASH            0x08000000         0x00010000         xr
*default*        0x00000000         0xffffffff

Linker script and memory map

LOAD c:/progra~2/gnuarm~1/102021~1.10/bin/../lib/gcc/arm-none-eabi/10.3.1/thumb/v7e-m+fp/hard/crti.o
LOAD c:/progra~2/gnuarm~1/102021~1.10/bin/../lib/gcc/arm-none-eabi/10.3.1/thumb/v7e-m+fp/hard/crtbegin.o
LOAD c:/progra~2/gnuarm~1/102021~1.10/bin/../lib/gcc/arm-none-eabi/10.3.1/../../../../arm-none-eabi/lib/thumb/v7e-m+fp/hard/crt0.o
START GROUP
LOAD c:/progra~2/gnuarm~1/102021~1.10/bin/../lib/gcc/arm-none-eabi/10.3.1/../../../../arm-none-eabi/lib/thumb/v7e-m+fp/hard\libc_nano.a
LOAD c:/progra~2/gnuarm~1/102021~1.10/bin/../lib/gcc/arm-none-eabi/10.3.1/../../../../arm-none-eabi/lib/thumb/v7e-m+fp/hard\libm.a
END GROUP
LOAD CMakeFiles/IoTdeviceV1.dir/Core/Src/w5500.c.obj
LOAD CMakeFiles/IoTdeviceV1.dir/Core/Src/w5500_spi.c.obj
LOAD CMakeFiles/IoTdeviceV1.dir/Core/Src/w5500_socket.c.obj
LOAD CMakeFiles/IoTdeviceV1.dir/Core/Src/main.c.obj
LOAD CMakeFiles/IoTdeviceV1.dir/Core/Src/gpio.c.obj
LOAD CMakeFiles/IoTdeviceV1.dir/Core/Src/adc.c.obj
LOAD CMakeFiles/IoTdeviceV1.dir/Core/Src/spi.c.obj
LOAD CMakeFiles/IoTdeviceV1.dir/Core/Src/usart.c.obj
LOAD CMakeFiles/IoTdeviceV1.dir/Core/Src/stm32f3xx_it.c.obj
LOAD CMakeFiles/IoTdeviceV1.dir/Core/Src/stm32f3xx_hal_msp.c.obj
LOAD CMakeFiles/IoTdeviceV1.dir/Drivers/STM32F3xx_HAL_Driver/Src/stm32f3xx_hal_adc.c.obj
LOAD CMakeFiles/IoTdeviceV1.dir/Drivers/STM32F3xx_HAL_Driver/Src/stm32f3xx_hal_adc_ex.c.obj
LOAD CMakeFiles/IoTdeviceV1.dir/Drivers/STM32F3xx_HAL_Driver/Src/stm32f3xx_hal.c.obj
LOAD CMakeFiles/IoTdeviceV1.dir/Drivers/STM32F3xx_HAL_Driver/Src/stm32f3xx_hal_rcc.c.obj
LOAD CMakeFiles/IoTdeviceV1.dir/Drivers/STM32F3xx_HAL_Driver/Src/stm32f3xx_hal_rcc_ex.c.obj
LOAD CMakeFiles/IoTdeviceV1.dir/Drivers/STM32F3xx_HAL_Driver/Src/stm32f3xx_hal_gpio.c.obj
LOAD CMakeFiles/IoTdeviceV1.dir/Drivers/STM32F3xx_HAL_Driver/Src/stm32f3xx_hal_dma.c.obj
LOAD CMakeFiles/IoTdeviceV1.dir/Drivers/STM32F3xx_HAL_Driver/Src/stm32f3xx_hal_cortex.c.obj
LOAD CMakeFiles/IoTdeviceV1.dir/Drivers/STM32F3xx_HAL_Driver/Src/stm32f3xx_hal_pwr.c.obj
LOAD CMakeFiles/IoTdeviceV1.dir/Drivers/STM32F3xx_HAL_Driver/Src/stm32f3xx_hal_pwr_ex.c.obj
LOAD CMakeFiles/IoTdeviceV1.dir/Drivers/STM32F3xx_HAL_Driver/Src/stm32f3xx_hal_flash.c.obj
LOAD CMakeFiles/IoTdeviceV1.dir/Drivers/STM32F3xx_HAL_Driver/Src/stm32f3xx_hal_flash_ex.c.obj
LOAD CMakeFiles/IoTdeviceV1.dir/Drivers/STM32F3xx_HAL_Driver/Src/stm32f3xx_hal_i2c.c.obj
LOAD CMakeFiles/IoTdeviceV1.dir/Drivers/STM32F3xx_HAL_Driver/Src/stm32f3xx_hal_i2c_ex.c.obj
LOAD CMakeFiles/IoTdeviceV1.dir/Drivers/STM32F3xx_HAL_Driver/Src/stm32f3xx_hal_exti.c.obj
LOAD CMakeFiles/IoTdeviceV1.dir/Drivers/STM32F3xx_HAL_Driver/Src/stm32f3xx_hal_spi.c.obj
LOAD CMakeFiles/IoTdeviceV1.dir/Drivers/STM32F3xx_HAL_Driver/Src/stm32f3xx_hal_spi_ex.c.obj
LOAD CMakeFiles/IoTdeviceV1.dir/Drivers/STM32F3xx_HAL_Driver/Src/stm32f3xx_hal_uart.c.obj
LOAD CMakeFiles/IoTdeviceV1.dir/Drivers/STM32F3xx_HAL_Driver/Src/stm32f3xx_hal_uart_ex.c.obj
LOAD CMakeFiles/IoTdeviceV1.dir/Core/Src/system_stm32f3xx.c.obj
LOAD CMakeFiles/IoTdeviceV1.dir/Core/Src/sysmem.c.obj
LOAD CMakeFiles/IoTdeviceV1.dir/Core/Src/syscalls.c.obj
LOAD CMakeFiles/IoTdeviceV1.dir/startup_stm32f303x8.s.obj
START GROUP
LOAD c:/progra~2/gnuarm~1/102021~1.10/bin/../lib/gcc/arm-none-eabi/10.3.1/thumb/v7e-m+fp/hard\libgcc.a
LOAD c:/progra~2/gnuarm~1/102021~1.10/bin/../lib/gcc/arm-none-eabi/10.3.1/../../../../arm-none-eabi/lib/thumb/v7e-m+fp/hard\libg_nano.a
LOAD c:/progra~2/gnuarm~1/102021~1.10/bin/../lib/gcc/arm-none-eabi/10.3.1/../../../../arm-none-eabi/lib/thumb/v7e-m+fp/hard\libc_nano.a
END GROUP
START GROUP
LOAD c:/progra~2/gnuarm~1/102021~1.10/bin/../lib/gcc/arm-none-eabi/10.3.1/thumb/v7e-m+fp/hard\libgcc.a
LOAD c:/progra~2/gnuarm~1/102021~1.10/bin/../lib/gcc/arm-none-eabi/10.3.1/../../../../arm-none-eabi/lib/thumb/v7e-m+fp/hard\libc_nano.a
END GROUP
LOAD c:/progra~2/gnuarm~1/102021~1.10/bin/../lib/gcc/arm-none-eabi/10.3.1/thumb/v7e-m+fp/hard/crtend.o
LOAD c:/progra~2/gnuarm~1/102021~1.10/bin/../lib/gcc/arm-none-eabi/10.3.1/thumb/v7e-m+fp/hard/crtn.o
                0x20003000                _estack = (ORIGIN (RAM) + LENGTH (RAM))
                0x00000200                _Min_Heap_Size = 0x200
                0x00000400                _Min_Stack_Size = 0x400

.isr_vector     0x08000000      0x188
                0x08000000                . = ALIGN (0x4)
 *(.isr_vector)
 .isr_vector    0x08000000      0x188 CMakeFiles/IoTdeviceV1.dir/startup_stm32f303x8.s.obj
                0x08000000                g_pfnVectors
                0x08000188                . = ALIGN (0x4)

.text           0x08000190     0x72d4
                0x08000190                . = ALIGN (0x4)
 *(.text)
 .text          0x08000190       0x40 c:/progra~2/gnuarm~1/102021~1.10/bin/../lib/gcc/arm-none-eabi/10.3.1/thumb/v7e-m+fp/hard/crtbegin.o
 .text          0x080001d0       0x10 c:/progra~2/gnuarm~1/102021~1.10/bin/../lib/gcc/arm-none-eabi/10.3.1/../../../../arm-none-eabi/lib/thumb/v7e-m+fp/hard\libc_nano.a(lib_a-strlen.o)
                0x080001d0                strlen
 .text          0x080001e0       0xa0 c:/progra~2/gnuarm~1/102021~1.10/bin/../lib/gcc/arm-none-eabi/10.3.1/../../../../arm-none-eabi/lib/thumb/v7e-m+fp/hard\libc_nano.a(lib_a-memchr.o)
                0x080001e0                memchr
 .text          0x08000280      0x378 c:/progra~2/gnuarm~1/102021~1.10/bin/../lib/gcc/arm-none-eabi/10.3.1/thumb/v7e-m+fp/hard\libgcc.a(_arm_addsubdf3.o)
                0x08000280                __aeabi_drsub
                0x08000288                __aeabi_dsub
                0x08000288                __subdf3
                0x0800028c                __aeabi_dadd
                0x0800028c                __adddf3
                0x08000504                __floatunsidf
                0x08000504                __aeabi_ui2d
                0x08000524                __floatsidf
                0x08000524                __aeabi_i2d
                0x08000548                __aeabi_f2d
                0x08000548                __extendsfdf2
                0x0800058c                __floatundidf
                0x0800058c                __aeabi_ul2d
                0x0800059c                __floatdidf
                0x0800059c                __aeabi_l2d
 .text          0x080005f8      0x424 c:/progra~2/gnuarm~1/102021~1.10/bin/../lib/gcc/arm-none-eabi/10.3.1/thumb/v7e-m+fp/hard\libgcc.a(_arm_muldivdf3.o)
                0x080005f8                __aeabi_dmul
                0x080005f8                __muldf3
                0x0800084c                __divdf3
                0x0800084c                __aeabi_ddiv
 .text          0x08000a1c      0x110 c:/progra~2/gnuarm~1/102021~1.10/bin/../lib/gcc/arm-none-eabi/10.3.1/thumb/v7e-m+fp/hard\libgcc.a(_arm_cmpdf2.o)
                0x08000a1c                __gtdf2
                0x08000a1c                __gedf2
                0x08000a24                __ltdf2
                0x08000a24                __ledf2
                0x08000a2c                __nedf2
                0x08000a2c                __eqdf2
                0x08000a2c                __cmpdf2
                0x08000aa8                __aeabi_cdrcmple
                0x08000ab8                __aeabi_cdcmpeq
                0x08000ab8                __aeabi_cdcmple
                0x08000ac8                __aeabi_dcmpeq
                0x08000adc                __aeabi_dcmplt
                0x08000af0                __aeabi_dcmple
                0x08000b04                __aeabi_dcmpge
                0x08000b18                __aeabi_dcmpgt
 .text          0x08000b2c       0x2c c:/progra~2/gnuarm~1/102021~1.10/bin/../lib/gcc/arm-none-eabi/10.3.1/thumb/v7e-m+fp/hard\libgcc.a(_arm_unorddf2.o)
                0x08000b2c                __unorddf2
                0x08000b2c                __aeabi_dcmpun
 .text          0x08000b58       0x50 c:/progra~2/gnuarm~1/102021~1.10/bin/../lib/gcc/arm-none-eabi/10.3.1/thumb/v7e-m+fp/hard\libgcc.a(_arm_fixdfsi.o)
                0x08000b58                __aeabi_d2iz
                0x08000b58                __fixdfsi
 .text          0x08000ba8       0xa0 c:/progra~2/gnuarm~1/102021~1.10/bin/../lib/gcc/arm-none-eabi/10.3.1/thumb/v7e-m+fp/hard\libgcc.a(_arm_truncdfsf2.o)
                0x08000ba8                __truncdfsf2
                0x08000ba8                __aeabi_d2f
 *(.text*)
 .text.__libc_init_array
                0x08000c48       0x48 c:/progra~2/gnuarm~1/102021~1.10/bin/../lib/gcc/arm-none-eabi/10.3.1/../../../../arm-none-eabi/lib/thumb/v7e-m+fp/hard\libc_nano.a(lib_a-init.o)
                0x08000c48                __libc_init_array
 .text.memset   0x08000c90       0x10 c:/progra~2/gnuarm~1/102021~1.10/bin/../lib/gcc/arm-none-eabi/10.3.1/../../../../arm-none-eabi/lib/thumb/v7e-m+fp/hard\libc_nano.a(lib_a-memset.o)
                0x08000c90                memset
 .text.__cvt    0x08000ca0       0xc4 c:/progra~2/gnuarm~1/102021~1.10/bin/../lib/gcc/arm-none-eabi/10.3.1/../../../../arm-none-eabi/lib/thumb/v7e-m+fp/hard\libc_nano.a(lib_a-nano-vfprintf_float.o)
                0x08000ca0                __cvt
 .text.__exponent
                0x08000d64       0x7c c:/progra~2/gnuarm~1/102021~1.10/bin/../lib/gcc/arm-none-eabi/10.3.1/../../../../arm-none-eabi/lib/thumb/v7e-m+fp/hard\libc_nano.a(lib_a-nano-vfprintf_float.o)
                0x08000d64                __exponent
 .text._printf_float
                0x08000de0      0x46c c:/progra~2/gnuarm~1/102021~1.10/bin/../lib/gcc/arm-none-eabi/10.3.1/../../../../arm-none-eabi/lib/thumb/v7e-m+fp/hard\libc_nano.a(lib_a-nano-vfprintf_float.o)
                0x08000de0                _printf_float
 .text._printf_common
                0x0800124c       0xda c:/progra~2/gnuarm~1/102021~1.10/bin/../lib/gcc/arm-none-eabi/10.3.1/../../../../arm-none-eabi/lib/thumb/v7e-m+fp/hard\libc_nano.a(lib_a-nano-vfprintf_i.o)
                0x0800124c                _printf_common
 *fill*         0x08001326        0x2 
 .text._printf_i
                0x08001328      0x24c c:/progra~2/gnuarm~1/102021~1.10/bin/../lib/gcc/arm-none-eabi/10.3.1/../../../../arm-none-eabi/lib/thumb/v7e-m+fp/hard\libc_nano.a(lib_a-nano-vfprintf_i.o)
                0x08001328                _printf_i
 .text.quorem   0x08001574      0x116 c:/progra~2/gnuarm~1/102021~1.10/bin/../lib/gcc/arm-none-eabi/10.3.1/../../../../arm-none-eabi/lib/thumb/v7e-m+fp/hard\libc_nano.a(lib_a-dtoa.o)
 *fill*         0x0800168a        0x6 
 .text._dtoa_r  0x08001690      0xbdc c:/progra~2/gnuarm~1/102021~1.10/bin/../lib/gcc/arm-none-eabi/10.3.1/../../../../arm-none-eabi/lib/thumb/v7e-m+fp/hard\libc_nano.a(lib_a-dtoa.o)
                0x08001690                _dtoa_r
 .text._localeconv_r
                0x0800226c        0x8 c:/progra~2/gnuarm~1/102021~1.10/bin/../lib/gcc/arm-none-eabi/10.3.1/../../../../arm-none-eabi/lib/thumb/v7e-m+fp/hard\libc_nano.a(lib_a-localeconv.o)
                0x0800226c                _localeconv_r
 .text.malloc   0x08002274       0x10 c:/progra~2/gnuarm~1/102021~1.10/bin/../lib/gcc/arm-none-eabi/10.3.1/../../../../arm-none-eabi/lib/thumb/v7e-m+fp/hard\libc_nano.a(lib_a-malloc.o)
                0x08002274                malloc
 .text.memcpy   0x08002284       0x1c c:/progra~2/gnuarm~1/102021~1.10/bin/../lib/gcc/arm-none-eabi/10.3.1/../../../../arm-none-eabi/lib/thumb/v7e-m+fp/hard\libc_nano.a(lib_a-memcpy-stub.o)
                0x08002284                memcpy
 .text._Balloc  0x080022a0       0x80 c:/progra~2/gnuarm~1/102021~1.10/bin/../lib/gcc/arm-none-eabi/10.3.1/../../../../arm-none-eabi/lib/thumb/v7e-m+fp/hard\libc_nano.a(lib_a-mprec.o)
                0x080022a0                _Balloc
 .text._Bfree   0x08002320       0x44 c:/progra~2/gnuarm~1/102021~1.10/bin/../lib/gcc/arm-none-eabi/10.3.1/../../../../arm-none-eabi/lib/thumb/v7e-m+fp/hard\libc_nano.a(lib_a-mprec.o)
                0x08002320                _Bfree
 .text.__multadd
                0x08002364       0x8c c:/progra~2/gnuarm~1/102021~1.10/bin/../lib/gcc/arm-none-eabi/10.3.1/../../../../arm-none-eabi/lib/thumb/v7e-m+fp/hard\libc_nano.a(lib_a-mprec.o)
                0x08002364                __multadd
 .text.__hi0bits
                0x080023f0       0x40 c:/progra~2/gnuarm~1/102021~1.10/bin/../lib/gcc/arm-none-eabi/10.3.1/../../../../arm-none-eabi/lib/thumb/v7e-m+fp/hard\libc_nano.a(lib_a-mprec.o)
                0x080023f0                __hi0bits
 .text.__lo0bits
                0x08002430       0x5e c:/progra~2/gnuarm~1/102021~1.10/bin/../lib/gcc/arm-none-eabi/10.3.1/../../../../arm-none-eabi/lib/thumb/v7e-m+fp/hard\libc_nano.a(lib_a-mprec.o)
                0x08002430                __lo0bits
 *fill*         0x0800248e        0x2 
 .text.__i2b    0x08002490       0x2c c:/progra~2/gnuarm~1/102021~1.10/bin/../lib/gcc/arm-none-eabi/10.3.1/../../../../arm-none-eabi/lib/thumb/v7e-m+fp/hard\libc_nano.a(lib_a-mprec.o)
                0x08002490                __i2b
 .text.__multiply
                0x080024bc      0x154 c:/progra~2/gnuarm~1/102021~1.10/bin/../lib/gcc/arm-none-eabi/10.3.1/../../../../arm-none-eabi/lib/thumb/v7e-m+fp/hard\libc_nano.a(lib_a-mprec.o)
                0x080024bc                __multiply
 .text.__pow5mult
                0x08002610       0xb4 c:/progra~2/gnuarm~1/102021~1.10/bin/../lib/gcc/arm-none-eabi/10.3.1/../../../../arm-none-eabi/lib/thumb/v7e-m+fp/hard\libc_nano.a(lib_a-mprec.o)
                0x08002610                __pow5mult
 .text.__lshift
                0x080026c4       0xe0 c:/progra~2/gnuarm~1/102021~1.10/bin/../lib/gcc/arm-none-eabi/10.3.1/../../../../arm-none-eabi/lib/thumb/v7e-m+fp/hard\libc_nano.a(lib_a-mprec.o)
                0x080026c4                __lshift
 .text.__mcmp   0x080027a4       0x38 c:/progra~2/gnuarm~1/102021~1.10/bin/../lib/gcc/arm-none-eabi/10.3.1/../../../../arm-none-eabi/lib/thumb/v7e-m+fp/hard\libc_nano.a(lib_a-mprec.o)
                0x080027a4                __mcmp
 .text.__mdiff  0x080027dc      0x114 c:/progra~2/gnuarm~1/102021~1.10/bin/../lib/gcc/arm-none-eabi/10.3.1/../../../../arm-none-eabi/lib/thumb/v7e-m+fp/hard\libc_nano.a(lib_a-mprec.o)
                0x080027dc                __mdiff
 .text.__d2b    0x080028f0       0xb8 c:/progra~2/gnuarm~1/102021~1.10/bin/../lib/gcc/arm-none-eabi/10.3.1/../../../../arm-none-eabi/lib/thumb/v7e-m+fp/hard\libc_nano.a(lib_a-mprec.o)
                0x080028f0                __d2b
 .text._calloc_r
                0x080029a8       0x2c c:/progra~2/gnuarm~1/102021~1.10/bin/../lib/gcc/arm-none-eabi/10.3.1/../../../../arm-none-eabi/lib/thumb/v7e-m+fp/hard\libc_nano.a(lib_a-nano-callocr.o)
                0x080029a8                _calloc_r
 .text._free_r  0x080029d4       0x98 c:/progra~2/gnuarm~1/102021~1.10/bin/../lib/gcc/arm-none-eabi/10.3.1/../../../../arm-none-eabi/lib/thumb/v7e-m+fp/hard\libc_nano.a(lib_a-nano-freer.o)
                0x080029d4                _free_r
 .text.sbrk_aligned
                0x08002a6c       0x40 c:/progra~2/gnuarm~1/102021~1.10/bin/../lib/gcc/arm-none-eabi/10.3.1/../../../../arm-none-eabi/lib/thumb/v7e-m+fp/hard\libc_nano.a(lib_a-nano-mallocr.o)
 .text._malloc_r
                0x08002aac       0xe8 c:/progra~2/gnuarm~1/102021~1.10/bin/../lib/gcc/arm-none-eabi/10.3.1/../../../../arm-none-eabi/lib/thumb/v7e-m+fp/hard\libc_nano.a(lib_a-nano-mallocr.o)
                0x08002aac                _malloc_r
 .text._sbrk_r  0x08002b94       0x20 c:/progra~2/gnuarm~1/102021~1.10/bin/../lib/gcc/arm-none-eabi/10.3.1/../../../../arm-none-eabi/lib/thumb/v7e-m+fp/hard\libc_nano.a(lib_a-sbrkr.o)
                0x08002b94                _sbrk_r
 .text.__assert_func
                0x08002bb4       0x3c c:/progra~2/gnuarm~1/102021~1.10/bin/../lib/gcc/arm-none-eabi/10.3.1/../../../../arm-none-eabi/lib/thumb/v7e-m+fp/hard\libc_nano.a(lib_a-assert.o)
                0x08002bb4                __assert_func
 .text.fprintf  0x08002bf0       0x24 c:/progra~2/gnuarm~1/102021~1.10/bin/../lib/gcc/arm-none-eabi/10.3.1/../../../../arm-none-eabi/lib/thumb/v7e-m+fp/hard\libc_nano.a(lib_a-fprintf.o)
                0x08002bf0                fiprintf
                0x08002bf0                fprintf
 .text.__ascii_mbtowc
                0x08002c14       0x24 c:/progra~2/gnuarm~1/102021~1.10/bin/../lib/gcc/arm-none-eabi/10.3.1/../../../../arm-none-eabi/lib/thumb/v7e-m+fp/hard\libc_nano.a(lib_a-mbtowc_r.o)
                0x08002c14                __ascii_mbtowc
 .text.__malloc_lock
                0x08002c38        0xc c:/progra~2/gnuarm~1/102021~1.10/bin/../lib/gcc/arm-none-eabi/10.3.1/../../../../arm-none-eabi/lib/thumb/v7e-m+fp/hard\libc_nano.a(lib_a-mlock.o)
                0x08002c38                __malloc_lock
 .text.__malloc_unlock
                0x08002c44        0xc c:/progra~2/gnuarm~1/102021~1.10/bin/../lib/gcc/arm-none-eabi/10.3.1/../../../../arm-none-eabi/lib/thumb/v7e-m+fp/hard\libc_nano.a(lib_a-mlock.o)
                0x08002c44                __malloc_unlock
 .text.__sfputc_r
                0x08002c50       0x2e c:/progra~2/gnuarm~1/102021~1.10/bin/../lib/gcc/arm-none-eabi/10.3.1/../../../../arm-none-eabi/lib/thumb/v7e-m+fp/hard\libc_nano.a(lib_a-nano-vfprintf.o)
 .text.__sfputs_r
                0x08002c7e       0x24 c:/progra~2/gnuarm~1/102021~1.10/bin/../lib/gcc/arm-none-eabi/10.3.1/../../../../arm-none-eabi/lib/thumb/v7e-m+fp/hard\libc_nano.a(lib_a-nano-vfprintf.o)
                0x08002c7e                __sfputs_r
 *fill*         0x08002ca2        0x2 
 .text._vfprintf_r
                0x08002ca4      0x260 c:/progra~2/gnuarm~1/102021~1.10/bin/../lib/gcc/arm-none-eabi/10.3.1/../../../../arm-none-eabi/lib/thumb/v7e-m+fp/hard\libc_nano.a(lib_a-nano-vfprintf.o)
                0x08002ca4                _vfprintf_r
                0x08002ca4                _vfiprintf_r
 .text.__swbuf_r
                0x08002f04       0xa4 c:/progra~2/gnuarm~1/102021~1.10/bin/../lib/gcc/arm-none-eabi/10.3.1/../../../../arm-none-eabi/lib/thumb/v7e-m+fp/hard\libc_nano.a(lib_a-wbuf.o)
                0x08002f04                __swbuf_r
 .text.__ascii_wctomb
                0x08002fa8       0x1a c:/progra~2/gnuarm~1/102021~1.10/bin/../lib/gcc/arm-none-eabi/10.3.1/../../../../arm-none-eabi/lib/thumb/v7e-m+fp/hard\libc_nano.a(lib_a-wctomb_r.o)
                0x08002fa8                __ascii_wctomb
 *fill*         0x08002fc2        0x2 
 .text.__swsetup_r
                0x08002fc4       0xdc c:/progra~2/gnuarm~1/102021~1.10/bin/../lib/gcc/arm-none-eabi/10.3.1/../../../../arm-none-eabi/lib/thumb/v7e-m+fp/hard\libc_nano.a(lib_a-wsetup.o)
                0x08002fc4                __swsetup_r
 .text.abort    0x080030a0        0xe c:/progra~2/gnuarm~1/102021~1.10/bin/../lib/gcc/arm-none-eabi/10.3.1/../../../../arm-none-eabi/lib/thumb/v7e-m+fp/hard\libc_nano.a(lib_a-abort.o)
                0x080030a0                abort
 *fill*         0x080030ae        0x2 
 .text.__sflush_r
                0x080030b0      0x10c c:/progra~2/gnuarm~1/102021~1.10/bin/../lib/gcc/arm-none-eabi/10.3.1/../../../../arm-none-eabi/lib/thumb/v7e-m+fp/hard\libc_nano.a(lib_a-fflush.o)
                0x080030b0                __sflush_r
 .text._fflush_r
                0x080031bc       0x78 c:/progra~2/gnuarm~1/102021~1.10/bin/../lib/gcc/arm-none-eabi/10.3.1/../../../../arm-none-eabi/lib/thumb/v7e-m+fp/hard\libc_nano.a(lib_a-fflush.o)
                0x080031bc                _fflush_r
 .text.std      0x08003234       0x48 c:/progra~2/gnuarm~1/102021~1.10/bin/../lib/gcc/arm-none-eabi/10.3.1/../../../../arm-none-eabi/lib/thumb/v7e-m+fp/hard\libc_nano.a(lib_a-findfp.o)
 .text._cleanup_r
                0x0800327c        0xc c:/progra~2/gnuarm~1/102021~1.10/bin/../lib/gcc/arm-none-eabi/10.3.1/../../../../arm-none-eabi/lib/thumb/v7e-m+fp/hard\libc_nano.a(lib_a-findfp.o)
                0x0800327c                _cleanup_r
 .text.__sfmoreglue
                0x08003288       0x2c c:/progra~2/gnuarm~1/102021~1.10/bin/../lib/gcc/arm-none-eabi/10.3.1/../../../../arm-none-eabi/lib/thumb/v7e-m+fp/hard\libc_nano.a(lib_a-findfp.o)
                0x08003288                __sfmoreglue
 .text.__sfp_lock_acquire
                0x080032b4        0xc c:/progra~2/gnuarm~1/102021~1.10/bin/../lib/gcc/arm-none-eabi/10.3.1/../../../../arm-none-eabi/lib/thumb/v7e-m+fp/hard\libc_nano.a(lib_a-findfp.o)
                0x080032b4                __sfp_lock_acquire
 .text.__sfp_lock_release
                0x080032c0        0xc c:/progra~2/gnuarm~1/102021~1.10/bin/../lib/gcc/arm-none-eabi/10.3.1/../../../../arm-none-eabi/lib/thumb/v7e-m+fp/hard\libc_nano.a(lib_a-findfp.o)
                0x080032c0                __sfp_lock_release
 .text.__sinit_lock_acquire
                0x080032cc        0xc c:/progra~2/gnuarm~1/102021~1.10/bin/../lib/gcc/arm-none-eabi/10.3.1/../../../../arm-none-eabi/lib/thumb/v7e-m+fp/hard\libc_nano.a(lib_a-findfp.o)
                0x080032cc                __sinit_lock_acquire
 .text.__sinit_lock_release
                0x080032d8        0xc c:/progra~2/gnuarm~1/102021~1.10/bin/../lib/gcc/arm-none-eabi/10.3.1/../../../../arm-none-eabi/lib/thumb/v7e-m+fp/hard\libc_nano.a(lib_a-findfp.o)
                0x080032d8                __sinit_lock_release
 .text.__sinit  0x080032e4       0x70 c:/progra~2/gnuarm~1/102021~1.10/bin/../lib/gcc/arm-none-eabi/10.3.1/../../../../arm-none-eabi/lib/thumb/v7e-m+fp/hard\libc_nano.a(lib_a-findfp.o)
                0x080032e4                __sinit
 .text.__sfp    0x08003354       0x8c c:/progra~2/gnuarm~1/102021~1.10/bin/../lib/gcc/arm-none-eabi/10.3.1/../../../../arm-none-eabi/lib/thumb/v7e-m+fp/hard\libc_nano.a(lib_a-findfp.o)
                0x08003354                __sfp
 .text._fwalk_reent
                0x080033e0       0x3e c:/progra~2/gnuarm~1/102021~1.10/bin/../lib/gcc/arm-none-eabi/10.3.1/../../../../arm-none-eabi/lib/thumb/v7e-m+fp/hard\libc_nano.a(lib_a-fwalk.o)
                0x080033e0                _fwalk_reent
 .text.__retarget_lock_init_recursive
                0x0800341e        0x2 c:/progra~2/gnuarm~1/102021~1.10/bin/../lib/gcc/arm-none-eabi/10.3.1/../../../../arm-none-eabi/lib/thumb/v7e-m+fp/hard\libc_nano.a(lib_a-lock.o)
                0x0800341e                __retarget_lock_init_recursive
 .text.__retarget_lock_acquire_recursive
                0x08003420        0x2 c:/progra~2/gnuarm~1/102021~1.10/bin/../lib/gcc/arm-none-eabi/10.3.1/../../../../arm-none-eabi/lib/thumb/v7e-m+fp/hard\libc_nano.a(lib_a-lock.o)
                0x08003420                __retarget_lock_acquire_recursive
 .text.__retarget_lock_release_recursive
                0x08003422        0x2 c:/progra~2/gnuarm~1/102021~1.10/bin/../lib/gcc/arm-none-eabi/10.3.1/../../../../arm-none-eabi/lib/thumb/v7e-m+fp/hard\libc_nano.a(lib_a-lock.o)
                0x08003422                __retarget_lock_release_recursive
 .text.__swhatbuf_r
                0x08003424       0x4a c:/progra~2/gnuarm~1/102021~1.10/bin/../lib/gcc/arm-none-eabi/10.3.1/../../../../arm-none-eabi/lib/thumb/v7e-m+fp/hard\libc_nano.a(lib_a-makebuf.o)
                0x08003424                __swhatbuf_r
 *fill*         0x0800346e        0x2 
 .text.__smakebuf_r
                0x08003470       0x80 c:/progra~2/gnuarm~1/102021~1.10/bin/../lib/gcc/arm-none-eabi/10.3.1/../../../../arm-none-eabi/lib/thumb/v7e-m+fp/hard\libc_nano.a(lib_a-makebuf.o)
                0x08003470                __smakebuf_r
 .text._raise_r
                0x080034f0       0x50 c:/progra~2/gnuarm~1/102021~1.10/bin/../lib/gcc/arm-none-eabi/10.3.1/../../../../arm-none-eabi/lib/thumb/v7e-m+fp/hard\libc_nano.a(lib_a-signal.o)
                0x080034f0                _raise_r
 .text.raise    0x08003540       0x10 c:/progra~2/gnuarm~1/102021~1.10/bin/../lib/gcc/arm-none-eabi/10.3.1/../../../../arm-none-eabi/lib/thumb/v7e-m+fp/hard\libc_nano.a(lib_a-signal.o)
                0x08003540                raise
 .text._kill_r  0x08003550       0x24 c:/progra~2/gnuarm~1/102021~1.10/bin/../lib/gcc/arm-none-eabi/10.3.1/../../../../arm-none-eabi/lib/thumb/v7e-m+fp/hard\libc_nano.a(lib_a-signalr.o)
                0x08003550                _kill_r
 .text._getpid_r
                0x08003574        0x4 c:/progra~2/gnuarm~1/102021~1.10/bin/../lib/gcc/arm-none-eabi/10.3.1/../../../../arm-none-eabi/lib/thumb/v7e-m+fp/hard\libc_nano.a(lib_a-signalr.o)
                0x08003574                _getpid_r
 .text.__sread  0x08003578       0x22 c:/progra~2/gnuarm~1/102021~1.10/bin/../lib/gcc/arm-none-eabi/10.3.1/../../../../arm-none-eabi/lib/thumb/v7e-m+fp/hard\libc_nano.a(lib_a-stdio.o)
                0x08003578                __sread
 .text.__swrite
                0x0800359a       0x38 c:/progra~2/gnuarm~1/102021~1.10/bin/../lib/gcc/arm-none-eabi/10.3.1/../../../../arm-none-eabi/lib/thumb/v7e-m+fp/hard\libc_nano.a(lib_a-stdio.o)
                0x0800359a                __swrite
 .text.__sseek  0x080035d2       0x24 c:/progra~2/gnuarm~1/102021~1.10/bin/../lib/gcc/arm-none-eabi/10.3.1/../../../../arm-none-eabi/lib/thumb/v7e-m+fp/hard\libc_nano.a(lib_a-stdio.o)
                0x080035d2                __sseek
 .text.__sclose
                0x080035f6        0x8 c:/progra~2/gnuarm~1/102021~1.10/bin/../lib/gcc/arm-none-eabi/10.3.1/../../../../arm-none-eabi/lib/thumb/v7e-m+fp/hard\libc_nano.a(lib_a-stdio.o)
                0x080035f6                __sclose
 *fill*         0x080035fe        0x2 
 .text._write_r
                0x08003600       0x24 c:/progra~2/gnuarm~1/102021~1.10/bin/../lib/gcc/arm-none-eabi/10.3.1/../../../../arm-none-eabi/lib/thumb/v7e-m+fp/hard\libc_nano.a(lib_a-writer.o)
                0x08003600                _write_r
 .text._close_r
                0x08003624       0x20 c:/progra~2/gnuarm~1/102021~1.10/bin/../lib/gcc/arm-none-eabi/10.3.1/../../../../arm-none-eabi/lib/thumb/v7e-m+fp/hard\libc_nano.a(lib_a-closer.o)
                0x08003624                _close_r
 .text._fstat_r
                0x08003644       0x24 c:/progra~2/gnuarm~1/102021~1.10/bin/../lib/gcc/arm-none-eabi/10.3.1/../../../../arm-none-eabi/lib/thumb/v7e-m+fp/hard\libc_nano.a(lib_a-fstatr.o)
                0x08003644                _fstat_r
 .text._isatty_r
                0x08003668       0x20 c:/progra~2/gnuarm~1/102021~1.10/bin/../lib/gcc/arm-none-eabi/10.3.1/../../../../arm-none-eabi/lib/thumb/v7e-m+fp/hard\libc_nano.a(lib_a-isattyr.o)
                0x08003668                _isatty_r
 .text._lseek_r
                0x08003688       0x24 c:/progra~2/gnuarm~1/102021~1.10/bin/../lib/gcc/arm-none-eabi/10.3.1/../../../../arm-none-eabi/lib/thumb/v7e-m+fp/hard\libc_nano.a(lib_a-lseekr.o)
                0x08003688                _lseek_r
 .text._read_r  0x080036ac       0x24 c:/progra~2/gnuarm~1/102021~1.10/bin/../lib/gcc/arm-none-eabi/10.3.1/../../../../arm-none-eabi/lib/thumb/v7e-m+fp/hard\libc_nano.a(lib_a-readr.o)
                0x080036ac                _read_r
 .text.main     0x080036d0       0xd0 CMakeFiles/IoTdeviceV1.dir/Core/Src/main.c.obj
                0x080036d0                main
 .text.SystemClock_Config
                0x080037a0       0xb6 CMakeFiles/IoTdeviceV1.dir/Core/Src/main.c.obj
                0x080037a0                SystemClock_Config
 .text.Error_Handler
                0x08003856        0xa CMakeFiles/IoTdeviceV1.dir/Core/Src/main.c.obj
                0x08003856                Error_Handler
 .text.MX_GPIO_Init
                0x08003860       0x60 CMakeFiles/IoTdeviceV1.dir/Core/Src/gpio.c.obj
                0x08003860                MX_GPIO_Init
 .text.MX_ADC1_Init
                0x080038c0       0xe0 CMakeFiles/IoTdeviceV1.dir/Core/Src/adc.c.obj
                0x080038c0                MX_ADC1_Init
 .text.HAL_ADC_MspInit
                0x080039a0       0x78 CMakeFiles/IoTdeviceV1.dir/Core/Src/adc.c.obj
                0x080039a0                HAL_ADC_MspInit
 .text.MX_SPI1_Init
                0x08003a18       0x7c CMakeFiles/IoTdeviceV1.dir/Core/Src/spi.c.obj
                0x08003a18                MX_SPI1_Init
 .text.HAL_SPI_MspInit
                0x08003a94       0x84 CMakeFiles/IoTdeviceV1.dir/Core/Src/spi.c.obj
                0x08003a94                HAL_SPI_MspInit
 .text.MX_USART1_UART_Init
                0x08003b18       0x60 CMakeFiles/IoTdeviceV1.dir/Core/Src/usart.c.obj
                0x08003b18                MX_USART1_UART_Init
 .text.HAL_UART_MspInit
                0x08003b78       0x88 CMakeFiles/IoTdeviceV1.dir/Core/Src/usart.c.obj
                0x08003b78                HAL_UART_MspInit
 .text._write   0x08003c00       0x2c CMakeFiles/IoTdeviceV1.dir/Core/Src/usart.c.obj
                0x08003c00                _write
 .text.NMI_Handler
                0x08003c2c        0x6 CMakeFiles/IoTdeviceV1.dir/Core/Src/stm32f3xx_it.c.obj
                0x08003c2c                NMI_Handler
 .text.HardFault_Handler
                0x08003c32        0x6 CMakeFiles/IoTdeviceV1.dir/Core/Src/stm32f3xx_it.c.obj
                0x08003c32                HardFault_Handler
 .text.MemManage_Handler
                0x08003c38        0x6 CMakeFiles/IoTdeviceV1.dir/Core/Src/stm32f3xx_it.c.obj
                0x08003c38                MemManage_Handler
 .text.BusFault_Handler
                0x08003c3e        0x6 CMakeFiles/IoTdeviceV1.dir/Core/Src/stm32f3xx_it.c.obj
                0x08003c3e                BusFault_Handler
 .text.UsageFault_Handler
                0x08003c44        0x6 CMakeFiles/IoTdeviceV1.dir/Core/Src/stm32f3xx_it.c.obj
                0x08003c44                UsageFault_Handler
 .text.SVC_Handler
                0x08003c4a        0xe CMakeFiles/IoTdeviceV1.dir/Core/Src/stm32f3xx_it.c.obj
                0x08003c4a                SVC_Handler
 .text.DebugMon_Handler
                0x08003c58        0xe CMakeFiles/IoTdeviceV1.dir/Core/Src/stm32f3xx_it.c.obj
                0x08003c58                DebugMon_Handler
 .text.PendSV_Handler
                0x08003c66        0xe CMakeFiles/IoTdeviceV1.dir/Core/Src/stm32f3xx_it.c.obj
                0x08003c66                PendSV_Handler
 .text.SysTick_Handler
                0x08003c74        0xc CMakeFiles/IoTdeviceV1.dir/Core/Src/stm32f3xx_it.c.obj
                0x08003c74                SysTick_Handler
 .text.HAL_MspInit
                0x08003c80       0x48 CMakeFiles/IoTdeviceV1.dir/Core/Src/stm32f3xx_hal_msp.c.obj
                0x08003c80                HAL_MspInit
 .text.HAL_ADC_Init
                0x08003cc8      0x324 CMakeFiles/IoTdeviceV1.dir/Drivers/STM32F3xx_HAL_Driver/Src/stm32f3xx_hal_adc_ex.c.obj
                0x08003cc8                HAL_ADC_Init
 .text.HAL_ADC_Start
                0x08003fec      0x16c CMakeFiles/IoTdeviceV1.dir/Drivers/STM32F3xx_HAL_Driver/Src/stm32f3xx_hal_adc_ex.c.obj
                0x08003fec                HAL_ADC_Start
 .text.HAL_ADC_PollForConversion
                0x08004158      0x19c CMakeFiles/IoTdeviceV1.dir/Drivers/STM32F3xx_HAL_Driver/Src/stm32f3xx_hal_adc_ex.c.obj
                0x08004158                HAL_ADC_PollForConversion
 .text.HAL_ADC_GetValue
                0x080042f4       0x1a CMakeFiles/IoTdeviceV1.dir/Drivers/STM32F3xx_HAL_Driver/Src/stm32f3xx_hal_adc_ex.c.obj
                0x080042f4                HAL_ADC_GetValue
 *fill*         0x0800430e        0x2 
 .text.HAL_ADC_ConfigChannel
                0x08004310      0x580 CMakeFiles/IoTdeviceV1.dir/Drivers/STM32F3xx_HAL_Driver/Src/stm32f3xx_hal_adc_ex.c.obj
                0x08004310                HAL_ADC_ConfigChannel
 .text.HAL_ADCEx_MultiModeConfigChannel
                0x08004890      0x18c CMakeFiles/IoTdeviceV1.dir/Drivers/STM32F3xx_HAL_Driver/Src/stm32f3xx_hal_adc_ex.c.obj
                0x08004890                HAL_ADCEx_MultiModeConfigChannel
 .text.ADC_Enable
                0x08004a1c       0xc8 CMakeFiles/IoTdeviceV1.dir/Drivers/STM32F3xx_HAL_Driver/Src/stm32f3xx_hal_adc_ex.c.obj
 .text.ADC_Disable
                0x08004ae4       0xcc CMakeFiles/IoTdeviceV1.dir/Drivers/STM32F3xx_HAL_Driver/Src/stm32f3xx_hal_adc_ex.c.obj
 .text.HAL_Init
                0x08004bb0       0x2c CMakeFiles/IoTdeviceV1.dir/Drivers/STM32F3xx_HAL_Driver/Src/stm32f3xx_hal.c.obj
                0x08004bb0                HAL_Init
 .text.HAL_InitTick
                0x08004bdc       0x60 CMakeFiles/IoTdeviceV1.dir/Drivers/STM32F3xx_HAL_Driver/Src/stm32f3xx_hal.c.obj
                0x08004bdc                HAL_InitTick
 .text.HAL_IncTick
                0x08004c3c       0x28 CMakeFiles/IoTdeviceV1.dir/Drivers/STM32F3xx_HAL_Driver/Src/stm32f3xx_hal.c.obj
                0x08004c3c                HAL_IncTick
 .text.HAL_GetTick
                0x08004c64       0x18 CMakeFiles/IoTdeviceV1.dir/Drivers/STM32F3xx_HAL_Driver/Src/stm32f3xx_hal.c.obj
                0x08004c64                HAL_GetTick
 .text.HAL_Delay
                0x08004c7c       0x48 CMakeFiles/IoTdeviceV1.dir/Drivers/STM32F3xx_HAL_Driver/Src/stm32f3xx_hal.c.obj
                0x08004c7c                HAL_Delay
 .text.HAL_RCC_OscConfig
                0x08004cc4     0x107c CMakeFiles/IoTdeviceV1.dir/Drivers/STM32F3xx_HAL_Driver/Src/stm32f3xx_hal_rcc.c.obj
                0x08004cc4                HAL_RCC_OscConfig
 .text.HAL_RCC_ClockConfig
                0x08005d40      0x2f8 CMakeFiles/IoTdeviceV1.dir/Drivers/STM32F3xx_HAL_Driver/Src/stm32f3xx_hal_rcc.c.obj
                0x08005d40                HAL_RCC_ClockConfig
 .text.HAL_RCC_GetSysClockFreq
                0x08006038       0xa8 CMakeFiles/IoTdeviceV1.dir/Drivers/STM32F3xx_HAL_Driver/Src/stm32f3xx_hal_rcc.c.obj
                0x08006038                HAL_RCC_GetSysClockFreq
 .text.HAL_RCC_GetHCLKFreq
                0x080060e0       0x18 CMakeFiles/IoTdeviceV1.dir/Drivers/STM32F3xx_HAL_Driver/Src/stm32f3xx_hal_rcc.c.obj
                0x080060e0                HAL_RCC_GetHCLKFreq
 .text.HAL_RCC_GetPCLK1Freq
                0x080060f8       0x44 CMakeFiles/IoTdeviceV1.dir/Drivers/STM32F3xx_HAL_Driver/Src/stm32f3xx_hal_rcc.c.obj
                0x080060f8                HAL_RCC_GetPCLK1Freq
 .text.HAL_RCC_GetPCLK2Freq
                0x0800613c       0x44 CMakeFiles/IoTdeviceV1.dir/Drivers/STM32F3xx_HAL_Driver/Src/stm32f3xx_hal_rcc.c.obj
                0x0800613c                HAL_RCC_GetPCLK2Freq
 .text.HAL_RCCEx_PeriphCLKConfig
                0x08006180      0x24c CMakeFiles/IoTdeviceV1.dir/Drivers/STM32F3xx_HAL_Driver/Src/stm32f3xx_hal_rcc_ex.c.obj
                0x08006180                HAL_RCCEx_PeriphCLKConfig
 .text.HAL_GPIO_Init
                0x080063cc      0x2e4 CMakeFiles/IoTdeviceV1.dir/Drivers/STM32F3xx_HAL_Driver/Src/stm32f3xx_hal_gpio.c.obj
                0x080063cc                HAL_GPIO_Init
 .text.HAL_GPIO_WritePin
                0x080066b0       0x30 CMakeFiles/IoTdeviceV1.dir/Drivers/STM32F3xx_HAL_Driver/Src/stm32f3xx_hal_gpio.c.obj
                0x080066b0                HAL_GPIO_WritePin
 .text.__NVIC_SetPriorityGrouping
                0x080066e0       0x48 CMakeFiles/IoTdeviceV1.dir/Drivers/STM32F3xx_HAL_Driver/Src/stm32f3xx_hal_cortex.c.obj
 .text.__NVIC_GetPriorityGrouping
                0x08006728       0x1c CMakeFiles/IoTdeviceV1.dir/Drivers/STM32F3xx_HAL_Driver/Src/stm32f3xx_hal_cortex.c.obj
 .text.__NVIC_SetPriority
                0x08006744       0x54 CMakeFiles/IoTdeviceV1.dir/Drivers/STM32F3xx_HAL_Driver/Src/stm32f3xx_hal_cortex.c.obj
 .text.NVIC_EncodePriority
                0x08006798       0x66 CMakeFiles/IoTdeviceV1.dir/Drivers/STM32F3xx_HAL_Driver/Src/stm32f3xx_hal_cortex.c.obj
 *fill*         0x080067fe        0x2 
 .text.SysTick_Config
                0x08006800       0x44 CMakeFiles/IoTdeviceV1.dir/Drivers/STM32F3xx_HAL_Driver/Src/stm32f3xx_hal_cortex.c.obj
 .text.HAL_NVIC_SetPriorityGrouping
                0x08006844       0x16 CMakeFiles/IoTdeviceV1.dir/Drivers/STM32F3xx_HAL_Driver/Src/stm32f3xx_hal_cortex.c.obj
                0x08006844                HAL_NVIC_SetPriorityGrouping
 .text.HAL_NVIC_SetPriority
                0x0800685a       0x38 CMakeFiles/IoTdeviceV1.dir/Drivers/STM32F3xx_HAL_Driver/Src/stm32f3xx_hal_cortex.c.obj
                0x0800685a                HAL_NVIC_SetPriority
 .text.HAL_SYSTICK_Config
                0x08006892       0x18 CMakeFiles/IoTdeviceV1.dir/Drivers/STM32F3xx_HAL_Driver/Src/stm32f3xx_hal_cortex.c.obj
                0x08006892                HAL_SYSTICK_Config
 .text.HAL_SPI_Init
                0x080068aa      0x146 CMakeFiles/IoTdeviceV1.dir/Drivers/STM32F3xx_HAL_Driver/Src/stm32f3xx_hal_spi.c.obj
                0x080068aa                HAL_SPI_Init
 .text.HAL_UART_Init
                0x080069f0       0x9c CMakeFiles/IoTdeviceV1.dir/Drivers/STM32F3xx_HAL_Driver/Src/stm32f3xx_hal_uart.c.obj
                0x080069f0                HAL_UART_Init
 .text.HAL_UART_Transmit
                0x08006a8c      0x114 CMakeFiles/IoTdeviceV1.dir/Drivers/STM32F3xx_HAL_Driver/Src/stm32f3xx_hal_uart.c.obj
                0x08006a8c                HAL_UART_Transmit
 .text.UART_SetConfig
                0x08006ba0      0x26c CMakeFiles/IoTdeviceV1.dir/Drivers/STM32F3xx_HAL_Driver/Src/stm32f3xx_hal_uart.c.obj
                0x08006ba0                UART_SetConfig
 .text.UART_AdvFeatureConfig
                0x08006e0c      0x144 CMakeFiles/IoTdeviceV1.dir/Drivers/STM32F3xx_HAL_Driver/Src/stm32f3xx_hal_uart.c.obj
                0x08006e0c                UART_AdvFeatureConfig
 .text.UART_CheckIdleState
                0x08006f50      0x150 CMakeFiles/IoTdeviceV1.dir/Drivers/STM32F3xx_HAL_Driver/Src/stm32f3xx_hal_uart.c.obj
                0x08006f50                UART_CheckIdleState
 .text.UART_WaitOnFlagUntilTimeout
                0x080070a0       0xda CMakeFiles/IoTdeviceV1.dir/Drivers/STM32F3xx_HAL_Driver/Src/stm32f3xx_hal_uart.c.obj
                0x080070a0                UART_WaitOnFlagUntilTimeout
 .text.UART_EndRxTransfer
                0x0800717a       0xc8 CMakeFiles/IoTdeviceV1.dir/Drivers/STM32F3xx_HAL_Driver/Src/stm32f3xx_hal_uart.c.obj
 *fill*         0x08007242        0x2 
 .text.SystemInit
                0x08007244       0x24 CMakeFiles/IoTdeviceV1.dir/Core/Src/system_stm32f3xx.c.obj
                0x08007244                SystemInit
 .text._sbrk    0x08007268       0x6c CMakeFiles/IoTdeviceV1.dir/Core/Src/sysmem.c.obj
                0x08007268                _sbrk
 .text._getpid  0x080072d4       0x10 CMakeFiles/IoTdeviceV1.dir/Core/Src/syscalls.c.obj
                0x080072d4                _getpid
 .text._kill    0x080072e4       0x20 CMakeFiles/IoTdeviceV1.dir/Core/Src/syscalls.c.obj
                0x080072e4                _kill
 .text._exit    0x08007304       0x14 CMakeFiles/IoTdeviceV1.dir/Core/Src/syscalls.c.obj
                0x08007304                _exit
 .text._read    0x08007318       0x3a CMakeFiles/IoTdeviceV1.dir/Core/Src/syscalls.c.obj
                0x08007318                _read
 .text._close   0x08007352       0x18 CMakeFiles/IoTdeviceV1.dir/Core/Src/syscalls.c.obj
                0x08007352                _close
 .text._fstat   0x0800736a       0x20 CMakeFiles/IoTdeviceV1.dir/Core/Src/syscalls.c.obj
                0x0800736a                _fstat
 .text._isatty  0x0800738a       0x16 CMakeFiles/IoTdeviceV1.dir/Core/Src/syscalls.c.obj
                0x0800738a                _isatty
 .text._lseek   0x080073a0       0x1a CMakeFiles/IoTdeviceV1.dir/Core/Src/syscalls.c.obj
                0x080073a0                _lseek
 *fill*         0x080073ba        0x2 
 .text.Reset_Handler
                0x080073bc       0x50 CMakeFiles/IoTdeviceV1.dir/startup_stm32f303x8.s.obj
                0x080073bc                Reset_Handler
 .text.Default_Handler
                0x0800740c        0x2 CMakeFiles/IoTdeviceV1.dir/startup_stm32f303x8.s.obj
                0x0800740c                RTC_Alarm_IRQHandler
                0x0800740c                TIM1_CC_IRQHandler
                0x0800740c                PVD_IRQHandler
                0x0800740c                TAMP_STAMP_IRQHandler
                0x0800740c                EXTI3_IRQHandler
                0x0800740c                EXTI0_IRQHandler
                0x0800740c                FPU_IRQHandler
                0x0800740c                CAN_TX_IRQHandler
                0x0800740c                TIM1_UP_TIM16_IRQHandler
                0x0800740c                ADC1_2_IRQHandler
                0x0800740c                SPI1_IRQHandler
                0x0800740c                CAN_SCE_IRQHandler
                0x0800740c                DMA1_Channel4_IRQHandler
                0x0800740c                USART3_IRQHandler
                0x0800740c                DMA1_Channel7_IRQHandler
                0x0800740c                TIM7_DAC2_IRQHandler
                0x0800740c                CAN_RX1_IRQHandler
                0x0800740c                I2C1_EV_IRQHandler
                0x0800740c                DMA1_Channel6_IRQHandler
                0x0800740c                TIM3_IRQHandler
                0x0800740c                RCC_IRQHandler
                0x0800740c                DMA1_Channel1_IRQHandler
                0x0800740c                Default_Handler
                0x0800740c                EXTI15_10_IRQHandler
                0x0800740c                COMP2_IRQHandler
                0x0800740c                TIM6_DAC1_IRQHandler
                0x0800740c                EXTI9_5_IRQHandler
                0x0800740c                RTC_WKUP_IRQHandler
                0x0800740c                DMA1_Channel5_IRQHandler
                0x0800740c                EXTI4_IRQHandler
                0x0800740c                TIM1_TRG_COM_TIM17_IRQHandler
                0x0800740c                DMA1_Channel3_IRQHandler
                0x0800740c                WWDG_IRQHandler
                0x0800740c                TIM2_IRQHandler
                0x0800740c                EXTI1_IRQHandler
                0x0800740c                COMP4_6_IRQHandler
                0x0800740c                USART2_IRQHandler
                0x0800740c                DMA1_Channel2_IRQHandler
                0x0800740c                FLASH_IRQHandler
                0x0800740c                USART1_IRQHandler
                0x0800740c                CAN_RX0_IRQHandler
                0x0800740c                I2C1_ER_IRQHandler
                0x0800740c                EXTI2_TSC_IRQHandler
                0x0800740c                TIM1_BRK_TIM15_IRQHandler
 *fill*         0x0800740e        0x2 
 .text.__errno  0x08007410        0xc c:/progra~2/gnuarm~1/102021~1.10/bin/../lib/gcc/arm-none-eabi/10.3.1/../../../../arm-none-eabi/lib/thumb/v7e-m+fp/hard\libg_nano.a(lib_a-errno.o)
                0x08007410                __errno
 .text.printf   0x0800741c       0x30 c:/progra~2/gnuarm~1/102021~1.10/bin/../lib/gcc/arm-none-eabi/10.3.1/../../../../arm-none-eabi/lib/thumb/v7e-m+fp/hard\libg_nano.a(lib_a-printf.o)
                0x0800741c                iprintf
                0x0800741c                printf
 *(.glue_7)
 .glue_7        0x0800744c        0x0 linker stubs
 *(.glue_7t)
 .glue_7t       0x0800744c        0x0 linker stubs
 *(.eh_frame)
 .eh_frame      0x0800744c        0x0 c:/progra~2/gnuarm~1/102021~1.10/bin/../lib/gcc/arm-none-eabi/10.3.1/thumb/v7e-m+fp/hard/crtbegin.o
 *(.init)
 .init          0x0800744c        0x4 c:/progra~2/gnuarm~1/102021~1.10/bin/../lib/gcc/arm-none-eabi/10.3.1/thumb/v7e-m+fp/hard/crti.o
                0x0800744c                _init
 .init          0x08007450        0x8 c:/progra~2/gnuarm~1/102021~1.10/bin/../lib/gcc/arm-none-eabi/10.3.1/thumb/v7e-m+fp/hard/crtn.o
 *(.fini)
 .fini          0x08007458        0x4 c:/progra~2/gnuarm~1/102021~1.10/bin/../lib/gcc/arm-none-eabi/10.3.1/thumb/v7e-m+fp/hard/crti.o
                0x08007458                _fini
 .fini          0x0800745c        0x8 c:/progra~2/gnuarm~1/102021~1.10/bin/../lib/gcc/arm-none-eabi/10.3.1/thumb/v7e-m+fp/hard/crtn.o
                0x08007464                . = ALIGN (0x4)
                0x08007464                _etext = .

.vfp11_veneer   0x08007464        0x0
 .vfp11_veneer  0x08007464        0x0 linker stubs

.v4_bx          0x08007464        0x0
 .v4_bx         0x08007464        0x0 linker stubs

.iplt           0x08007464        0x0
 .iplt          0x08007464        0x0 c:/progra~2/gnuarm~1/102021~1.10/bin/../lib/gcc/arm-none-eabi/10.3.1/thumb/v7e-m+fp/hard/crtbegin.o

.rodata         0x08007468      0x494
                0x08007468                . = ALIGN (0x4)
 *(.rodata)
 .rodata        0x08007468       0x36 CMakeFiles/IoTdeviceV1.dir/Core/Src/main.c.obj
 *(.rodata*)
 *fill*         0x0800749e        0x2 
 .rodata._global_impure_ptr
                0x080074a0        0x4 c:/progra~2/gnuarm~1/102021~1.10/bin/../lib/gcc/arm-none-eabi/10.3.1/../../../../arm-none-eabi/lib/thumb/v7e-m+fp/hard\libc_nano.a(lib_a-impure.o)
                0x080074a0                _global_impure_ptr
 .rodata._printf_float.str1.1
                0x080074a4       0x12 c:/progra~2/gnuarm~1/102021~1.10/bin/../lib/gcc/arm-none-eabi/10.3.1/../../../../arm-none-eabi/lib/thumb/v7e-m+fp/hard\libc_nano.a(lib_a-nano-vfprintf_float.o)
 .rodata._printf_i.str1.1
                0x080074b6       0x22 c:/progra~2/gnuarm~1/102021~1.10/bin/../lib/gcc/arm-none-eabi/10.3.1/../../../../arm-none-eabi/lib/thumb/v7e-m+fp/hard\libc_nano.a(lib_a-nano-vfprintf_i.o)
 .rodata._dtoa_r.str1.1
                0x080074d8       0xb3 c:/progra~2/gnuarm~1/102021~1.10/bin/../lib/gcc/arm-none-eabi/10.3.1/../../../../arm-none-eabi/lib/thumb/v7e-m+fp/hard\libc_nano.a(lib_a-dtoa.o)
                                 0xb5 (size before relaxing)
 .rodata._Balloc.str1.1
                0x0800758b       0x7f c:/progra~2/gnuarm~1/102021~1.10/bin/../lib/gcc/arm-none-eabi/10.3.1/../../../../arm-none-eabi/lib/thumb/v7e-m+fp/hard\libc_nano.a(lib_a-mprec.o)
                                 0x96 (size before relaxing)
 .rodata.__multadd.str1.1
                0x0800760a       0x11 c:/progra~2/gnuarm~1/102021~1.10/bin/../lib/gcc/arm-none-eabi/10.3.1/../../../../arm-none-eabi/lib/thumb/v7e-m+fp/hard\libc_nano.a(lib_a-mprec.o)
 *fill*         0x0800760a        0x6 
 .rodata.__mprec_bigtens
                0x08007610       0x28 c:/progra~2/gnuarm~1/102021~1.10/bin/../lib/gcc/arm-none-eabi/10.3.1/../../../../arm-none-eabi/lib/thumb/v7e-m+fp/hard\libc_nano.a(lib_a-mprec.o)
                0x08007610                __mprec_bigtens
 .rodata.__mprec_tens
                0x08007638       0xc8 c:/progra~2/gnuarm~1/102021~1.10/bin/../lib/gcc/arm-none-eabi/10.3.1/../../../../arm-none-eabi/lib/thumb/v7e-m+fp/hard\libc_nano.a(lib_a-mprec.o)
                0x08007638                __mprec_tens
 .rodata.p05.0  0x08007700        0xc c:/progra~2/gnuarm~1/102021~1.10/bin/../lib/gcc/arm-none-eabi/10.3.1/../../../../arm-none-eabi/lib/thumb/v7e-m+fp/hard\libc_nano.a(lib_a-mprec.o)
 .rodata.__assert_func.str1.1
                0x0800770c       0x3c c:/progra~2/gnuarm~1/102021~1.10/bin/../lib/gcc/arm-none-eabi/10.3.1/../../../../arm-none-eabi/lib/thumb/v7e-m+fp/hard\libc_nano.a(lib_a-assert.o)
                                 0x3d (size before relaxing)
 .rodata._setlocale_r.str1.1
                0x08007748        0x8 c:/progra~2/gnuarm~1/102021~1.10/bin/../lib/gcc/arm-none-eabi/10.3.1/../../../../arm-none-eabi/lib/thumb/v7e-m+fp/hard\libc_nano.a(lib_a-locale.o)
                                  0x9 (size before relaxing)
 .rodata.str1.1
                0x08007750        0x2 c:/progra~2/gnuarm~1/102021~1.10/bin/../lib/gcc/arm-none-eabi/10.3.1/../../../../arm-none-eabi/lib/thumb/v7e-m+fp/hard\libc_nano.a(lib_a-locale.o)
 .rodata._vfprintf_r.str1.1
                0x08007752       0x11 c:/progra~2/gnuarm~1/102021~1.10/bin/../lib/gcc/arm-none-eabi/10.3.1/../../../../arm-none-eabi/lib/thumb/v7e-m+fp/hard\libc_nano.a(lib_a-nano-vfprintf.o)
 .rodata._ctype_
                0x08007763      0x101 c:/progra~2/gnuarm~1/102021~1.10/bin/../lib/gcc/arm-none-eabi/10.3.1/../../../../arm-none-eabi/lib/thumb/v7e-m+fp/hard\libc_nano.a(lib_a-ctype_.o)
                0x08007763                _ctype_
 .rodata.__sf_fake_stderr
                0x08007864       0x20 c:/progra~2/gnuarm~1/102021~1.10/bin/../lib/gcc/arm-none-eabi/10.3.1/../../../../arm-none-eabi/lib/thumb/v7e-m+fp/hard\libc_nano.a(lib_a-findfp.o)
                0x08007864                __sf_fake_stderr
 .rodata.__sf_fake_stdin
                0x08007884       0x20 c:/progra~2/gnuarm~1/102021~1.10/bin/../lib/gcc/arm-none-eabi/10.3.1/../../../../arm-none-eabi/lib/thumb/v7e-m+fp/hard\libc_nano.a(lib_a-findfp.o)
                0x08007884                __sf_fake_stdin
 .rodata.__sf_fake_stdout
                0x080078a4       0x20 c:/progra~2/gnuarm~1/102021~1.10/bin/../lib/gcc/arm-none-eabi/10.3.1/../../../../arm-none-eabi/lib/thumb/v7e-m+fp/hard\libc_nano.a(lib_a-findfp.o)
                0x080078a4                __sf_fake_stdout
 .rodata.aPLLMULFactorTable
                0x080078c4       0x10 CMakeFiles/IoTdeviceV1.dir/Drivers/STM32F3xx_HAL_Driver/Src/stm32f3xx_hal_rcc.c.obj
 .rodata.aPredivFactorTable
                0x080078d4       0x10 CMakeFiles/IoTdeviceV1.dir/Drivers/STM32F3xx_HAL_Driver/Src/stm32f3xx_hal_rcc.c.obj
 .rodata.AHBPrescTable
                0x080078e4       0x10 CMakeFiles/IoTdeviceV1.dir/Core/Src/system_stm32f3xx.c.obj
                0x080078e4                AHBPrescTable
 .rodata.APBPrescTable
                0x080078f4        0x8 CMakeFiles/IoTdeviceV1.dir/Core/Src/system_stm32f3xx.c.obj
                0x080078f4                APBPrescTable
                0x080078fc                . = ALIGN (0x4)

.rel.dyn        0x080078fc        0x0
 .rel.iplt      0x080078fc        0x0 c:/progra~2/gnuarm~1/102021~1.10/bin/../lib/gcc/arm-none-eabi/10.3.1/thumb/v7e-m+fp/hard/crtbegin.o

.ARM.extab
 *(.ARM.extab* .gnu.linkonce.armextab.*)

.ARM            0x080078fc        0x0
                0x080078fc                __exidx_start = .
 *(.ARM.exidx*)
                0x080078fc                __exidx_end = .

.preinit_array  0x080078fc        0x0
                0x080078fc                PROVIDE (__preinit_array_start = .)
 *(.preinit_array*)
                0x080078fc                PROVIDE (__preinit_array_end = .)

.init_array     0x080078fc        0x4
                0x080078fc                PROVIDE (__init_array_start = .)
 *(SORT_BY_NAME(.init_array.*))
 *(.init_array*)
 .init_array    0x080078fc        0x4 c:/progra~2/gnuarm~1/102021~1.10/bin/../lib/gcc/arm-none-eabi/10.3.1/thumb/v7e-m+fp/hard/crtbegin.o
                0x08007900                PROVIDE (__init_array_end = .)

.fini_array     0x08007900        0x4
                [!provide]                PROVIDE (__fini_array_start = .)
 *(SORT_BY_NAME(.fini_array.*))
 *(.fini_array*)
 .fini_array    0x08007900        0x4 c:/progra~2/gnuarm~1/102021~1.10/bin/../lib/gcc/arm-none-eabi/10.3.1/thumb/v7e-m+fp/hard/crtbegin.o
                [!provide]                PROVIDE (__fini_array_end = .)
                0x08007904                _sidata = LOADADDR (.data)

.data           0x20000000      0x1dc load address 0x08007904
                0x20000000                . = ALIGN (0x4)
                0x20000000                _sdata = .
 *(.data)
 *(.data*)
 .data._impure_ptr
                0x20000000        0x4 c:/progra~2/gnuarm~1/102021~1.10/bin/../lib/gcc/arm-none-eabi/10.3.1/../../../../arm-none-eabi/lib/thumb/v7e-m+fp/hard\libc_nano.a(lib_a-impure.o)
                0x20000000                _impure_ptr
 .data.impure_data
                0x20000004       0x60 c:/progra~2/gnuarm~1/102021~1.10/bin/../lib/gcc/arm-none-eabi/10.3.1/../../../../arm-none-eabi/lib/thumb/v7e-m+fp/hard\libc_nano.a(lib_a-impure.o)
 .data.__global_locale
                0x20000064      0x16c c:/progra~2/gnuarm~1/102021~1.10/bin/../lib/gcc/arm-none-eabi/10.3.1/../../../../arm-none-eabi/lib/thumb/v7e-m+fp/hard\libc_nano.a(lib_a-locale.o)
                0x20000064                __global_locale
 .data.uwTickPrio
                0x200001d0        0x4 CMakeFiles/IoTdeviceV1.dir/Drivers/STM32F3xx_HAL_Driver/Src/stm32f3xx_hal.c.obj
                0x200001d0                uwTickPrio
 .data.uwTickFreq
                0x200001d4        0x1 CMakeFiles/IoTdeviceV1.dir/Drivers/STM32F3xx_HAL_Driver/Src/stm32f3xx_hal.c.obj
                0x200001d4                uwTickFreq
 *fill*         0x200001d5        0x3 
 .data.SystemCoreClock
                0x200001d8        0x4 CMakeFiles/IoTdeviceV1.dir/Core/Src/system_stm32f3xx.c.obj
                0x200001d8                SystemCoreClock
                0x200001dc                . = ALIGN (0x4)
                0x200001dc                _edata = .
                0x08007ae0                _siccmram = LOADADDR (.ccmram)

.igot.plt       0x200001dc        0x0 load address 0x08007ae0
 .igot.plt      0x200001dc        0x0 c:/progra~2/gnuarm~1/102021~1.10/bin/../lib/gcc/arm-none-eabi/10.3.1/thumb/v7e-m+fp/hard/crtbegin.o

.ccmram         0x10000000        0x0 load address 0x08007ae0
                0x10000000                . = ALIGN (0x4)
                0x10000000                _sccmram = .
 *(.ccmram)
 *(.ccmram*)
                0x10000000                . = ALIGN (0x4)
                0x10000000                _eccmram = .
                0x10000000                . = ALIGN (0x4)

.bss            0x200001dc      0x170
                0x200001dc                _sbss = .
                0x200001dc                __bss_start__ = _sbss
 *(.bss)
 .bss           0x200001dc       0x1c c:/progra~2/gnuarm~1/102021~1.10/bin/../lib/gcc/arm-none-eabi/10.3.1/thumb/v7e-m+fp/hard/crtbegin.o
 *(.bss*)
 .bss.__malloc_free_list
                0x200001f8        0x4 c:/progra~2/gnuarm~1/102021~1.10/bin/../lib/gcc/arm-none-eabi/10.3.1/../../../../arm-none-eabi/lib/thumb/v7e-m+fp/hard\libc_nano.a(lib_a-nano-mallocr.o)
                0x200001f8                __malloc_free_list
 .bss.__malloc_sbrk_start
                0x200001fc        0x4 c:/progra~2/gnuarm~1/102021~1.10/bin/../lib/gcc/arm-none-eabi/10.3.1/../../../../arm-none-eabi/lib/thumb/v7e-m+fp/hard\libc_nano.a(lib_a-nano-mallocr.o)
                0x200001fc                __malloc_sbrk_start
 .bss.errno     0x20000200        0x4 c:/progra~2/gnuarm~1/102021~1.10/bin/../lib/gcc/arm-none-eabi/10.3.1/../../../../arm-none-eabi/lib/thumb/v7e-m+fp/hard\libc_nano.a(lib_a-reent.o)
                0x20000200                errno
 .bss.__lock___malloc_recursive_mutex
                0x20000204        0x1 c:/progra~2/gnuarm~1/102021~1.10/bin/../lib/gcc/arm-none-eabi/10.3.1/../../../../arm-none-eabi/lib/thumb/v7e-m+fp/hard\libc_nano.a(lib_a-lock.o)
                0x20000204                __lock___malloc_recursive_mutex
 .bss.__lock___sfp_recursive_mutex
                0x20000205        0x1 c:/progra~2/gnuarm~1/102021~1.10/bin/../lib/gcc/arm-none-eabi/10.3.1/../../../../arm-none-eabi/lib/thumb/v7e-m+fp/hard\libc_nano.a(lib_a-lock.o)
                0x20000205                __lock___sfp_recursive_mutex
 .bss.__lock___sinit_recursive_mutex
                0x20000206        0x1 c:/progra~2/gnuarm~1/102021~1.10/bin/../lib/gcc/arm-none-eabi/10.3.1/../../../../arm-none-eabi/lib/thumb/v7e-m+fp/hard\libc_nano.a(lib_a-lock.o)
                0x20000206                __lock___sinit_recursive_mutex
 *fill*         0x20000207        0x1 
 .bss.hadc1     0x20000208       0x50 CMakeFiles/IoTdeviceV1.dir/Core/Src/adc.c.obj
                0x20000208                hadc1
 .bss.hspi1     0x20000258       0x64 CMakeFiles/IoTdeviceV1.dir/Core/Src/spi.c.obj
                0x20000258                hspi1
 .bss.huart1    0x200002bc       0x88 CMakeFiles/IoTdeviceV1.dir/Core/Src/usart.c.obj
                0x200002bc                huart1
 .bss.uwTick    0x20000344        0x4 CMakeFiles/IoTdeviceV1.dir/Drivers/STM32F3xx_HAL_Driver/Src/stm32f3xx_hal.c.obj
                0x20000344                uwTick
 .bss.__sbrk_heap_end
                0x20000348        0x4 CMakeFiles/IoTdeviceV1.dir/Core/Src/sysmem.c.obj
 *(COMMON)
                0x2000034c                . = ALIGN (0x4)
                0x2000034c                _ebss = .
                0x2000034c                __bss_end__ = _ebss

._user_heap_stack
                0x2000034c      0x604
                0x20000350                . = ALIGN (0x8)
 *fill*         0x2000034c        0x4 
                [!provide]                PROVIDE (end = .)
                0x20000350                PROVIDE (_end = .)
                0x20000550                . = (. + _Min_Heap_Size)
 *fill*         0x20000350      0x200 
                0x20000950                . = (. + _Min_Stack_Size)
 *fill*         0x20000550      0x400 
                0x20000950                . = ALIGN (0x8)

/DISCARD/
 libc.a(*)
 libm.a(*)
 libgcc.a(*)
OUTPUT(IoTdeviceV1.elf elf32-littlearm)
LOAD linker stubs
LOAD c:/progra~2/gnuarm~1/102021~1.10/bin/../lib/gcc/arm-none-eabi/10.3.1/../../../../arm-none-eabi/lib/thumb/v7e-m+fp/hard\libc.a
LOAD c:/progra~2/gnuarm~1/102021~1.10/bin/../lib/gcc/arm-none-eabi/10.3.1/../../../../arm-none-eabi/lib/thumb/v7e-m+fp/hard\libm.a
LOAD c:/progra~2/gnuarm~1/102021~1.10/bin/../lib/gcc/arm-none-eabi/10.3.1/thumb/v7e-m+fp/hard\libgcc.a

.ARM.attributes
                0x00000000       0x30
 .ARM.attributes
                0x00000000       0x1e c:/progra~2/gnuarm~1/102021~1.10/bin/../lib/gcc/arm-none-eabi/10.3.1/thumb/v7e-m+fp/hard/crti.o
 .ARM.attributes
                0x0000001e       0x34 c:/progra~2/gnuarm~1/102021~1.10/bin/../lib/gcc/arm-none-eabi/10.3.1/thumb/v7e-m+fp/hard/crtbegin.o
 .ARM.attributes
                0x00000052       0x34 c:/progra~2/gnuarm~1/102021~1.10/bin/../lib/gcc/arm-none-eabi/10.3.1/../../../../arm-none-eabi/lib/thumb/v7e-m+fp/hard\libc_nano.a(lib_a-impure.o)
 .ARM.attributes
                0x00000086       0x34 c:/progra~2/gnuarm~1/102021~1.10/bin/../lib/gcc/arm-none-eabi/10.3.1/../../../../arm-none-eabi/lib/thumb/v7e-m+fp/hard\libc_nano.a(lib_a-init.o)
 .ARM.attributes
                0x000000ba       0x34 c:/progra~2/gnuarm~1/102021~1.10/bin/../lib/gcc/arm-none-eabi/10.3.1/../../../../arm-none-eabi/lib/thumb/v7e-m+fp/hard\libc_nano.a(lib_a-memset.o)
 .ARM.attributes
                0x000000ee       0x34 c:/progra~2/gnuarm~1/102021~1.10/bin/../lib/gcc/arm-none-eabi/10.3.1/../../../../arm-none-eabi/lib/thumb/v7e-m+fp/hard\libc_nano.a(lib_a-nano-vfprintf_float.o)
 .ARM.attributes
                0x00000122       0x34 c:/progra~2/gnuarm~1/102021~1.10/bin/../lib/gcc/arm-none-eabi/10.3.1/../../../../arm-none-eabi/lib/thumb/v7e-m+fp/hard\libc_nano.a(lib_a-nano-vfprintf_i.o)
 .ARM.attributes
                0x00000156       0x17 c:/progra~2/gnuarm~1/102021~1.10/bin/../lib/gcc/arm-none-eabi/10.3.1/../../../../arm-none-eabi/lib/thumb/v7e-m+fp/hard\libc_nano.a(lib_a-strlen.o)
 .ARM.attributes
                0x0000016d       0x34 c:/progra~2/gnuarm~1/102021~1.10/bin/../lib/gcc/arm-none-eabi/10.3.1/../../../../arm-none-eabi/lib/thumb/v7e-m+fp/hard\libc_nano.a(lib_a-dtoa.o)
 .ARM.attributes
                0x000001a1       0x34 c:/progra~2/gnuarm~1/102021~1.10/bin/../lib/gcc/arm-none-eabi/10.3.1/../../../../arm-none-eabi/lib/thumb/v7e-m+fp/hard\libc_nano.a(lib_a-localeconv.o)
 .ARM.attributes
                0x000001d5       0x34 c:/progra~2/gnuarm~1/102021~1.10/bin/../lib/gcc/arm-none-eabi/10.3.1/../../../../arm-none-eabi/lib/thumb/v7e-m+fp/hard\libc_nano.a(lib_a-malloc.o)
 .ARM.attributes
                0x00000209       0x1c c:/progra~2/gnuarm~1/102021~1.10/bin/../lib/gcc/arm-none-eabi/10.3.1/../../../../arm-none-eabi/lib/thumb/v7e-m+fp/hard\libc_nano.a(lib_a-memchr.o)
 .ARM.attributes
                0x00000225       0x34 c:/progra~2/gnuarm~1/102021~1.10/bin/../lib/gcc/arm-none-eabi/10.3.1/../../../../arm-none-eabi/lib/thumb/v7e-m+fp/hard\libc_nano.a(lib_a-memcpy-stub.o)
 .ARM.attributes
                0x00000259       0x34 c:/progra~2/gnuarm~1/102021~1.10/bin/../lib/gcc/arm-none-eabi/10.3.1/../../../../arm-none-eabi/lib/thumb/v7e-m+fp/hard\libc_nano.a(lib_a-mprec.o)
 .ARM.attributes
                0x0000028d       0x34 c:/progra~2/gnuarm~1/102021~1.10/bin/../lib/gcc/arm-none-eabi/10.3.1/../../../../arm-none-eabi/lib/thumb/v7e-m+fp/hard\libc_nano.a(lib_a-nano-callocr.o)
 .ARM.attributes
                0x000002c1       0x34 c:/progra~2/gnuarm~1/102021~1.10/bin/../lib/gcc/arm-none-eabi/10.3.1/../../../../arm-none-eabi/lib/thumb/v7e-m+fp/hard\libc_nano.a(lib_a-nano-freer.o)
 .ARM.attributes
                0x000002f5       0x34 c:/progra~2/gnuarm~1/102021~1.10/bin/../lib/gcc/arm-none-eabi/10.3.1/../../../../arm-none-eabi/lib/thumb/v7e-m+fp/hard\libc_nano.a(lib_a-nano-mallocr.o)
 .ARM.attributes
                0x00000329       0x34 c:/progra~2/gnuarm~1/102021~1.10/bin/../lib/gcc/arm-none-eabi/10.3.1/../../../../arm-none-eabi/lib/thumb/v7e-m+fp/hard\libc_nano.a(lib_a-sbrkr.o)
 .ARM.attributes
                0x0000035d       0x34 c:/progra~2/gnuarm~1/102021~1.10/bin/../lib/gcc/arm-none-eabi/10.3.1/../../../../arm-none-eabi/lib/thumb/v7e-m+fp/hard\libc_nano.a(lib_a-assert.o)
 .ARM.attributes
                0x00000391       0x34 c:/progra~2/gnuarm~1/102021~1.10/bin/../lib/gcc/arm-none-eabi/10.3.1/../../../../arm-none-eabi/lib/thumb/v7e-m+fp/hard\libc_nano.a(lib_a-fprintf.o)
 .ARM.attributes
                0x000003c5       0x34 c:/progra~2/gnuarm~1/102021~1.10/bin/../lib/gcc/arm-none-eabi/10.3.1/../../../../arm-none-eabi/lib/thumb/v7e-m+fp/hard\libc_nano.a(lib_a-locale.o)
 .ARM.attributes
                0x000003f9       0x34 c:/progra~2/gnuarm~1/102021~1.10/bin/../lib/gcc/arm-none-eabi/10.3.1/../../../../arm-none-eabi/lib/thumb/v7e-m+fp/hard\libc_nano.a(lib_a-mbtowc_r.o)
 .ARM.attributes
                0x0000042d       0x34 c:/progra~2/gnuarm~1/102021~1.10/bin/../lib/gcc/arm-none-eabi/10.3.1/../../../../arm-none-eabi/lib/thumb/v7e-m+fp/hard\libc_nano.a(lib_a-mlock.o)
 .ARM.attributes
                0x00000461       0x34 c:/progra~2/gnuarm~1/102021~1.10/bin/../lib/gcc/arm-none-eabi/10.3.1/../../../../arm-none-eabi/lib/thumb/v7e-m+fp/hard\libc_nano.a(lib_a-nano-vfprintf.o)
 .ARM.attributes
                0x00000495       0x34 c:/progra~2/gnuarm~1/102021~1.10/bin/../lib/gcc/arm-none-eabi/10.3.1/../../../../arm-none-eabi/lib/thumb/v7e-m+fp/hard\libc_nano.a(lib_a-reent.o)
 .ARM.attributes
                0x000004c9       0x34 c:/progra~2/gnuarm~1/102021~1.10/bin/../lib/gcc/arm-none-eabi/10.3.1/../../../../arm-none-eabi/lib/thumb/v7e-m+fp/hard\libc_nano.a(lib_a-wbuf.o)
 .ARM.attributes
                0x000004fd       0x34 c:/progra~2/gnuarm~1/102021~1.10/bin/../lib/gcc/arm-none-eabi/10.3.1/../../../../arm-none-eabi/lib/thumb/v7e-m+fp/hard\libc_nano.a(lib_a-wctomb_r.o)
 .ARM.attributes
                0x00000531       0x34 c:/progra~2/gnuarm~1/102021~1.10/bin/../lib/gcc/arm-none-eabi/10.3.1/../../../../arm-none-eabi/lib/thumb/v7e-m+fp/hard\libc_nano.a(lib_a-wsetup.o)
 .ARM.attributes
                0x00000565       0x34 c:/progra~2/gnuarm~1/102021~1.10/bin/../lib/gcc/arm-none-eabi/10.3.1/../../../../arm-none-eabi/lib/thumb/v7e-m+fp/hard\libc_nano.a(lib_a-abort.o)
 .ARM.attributes
                0x00000599       0x34 c:/progra~2/gnuarm~1/102021~1.10/bin/../lib/gcc/arm-none-eabi/10.3.1/../../../../arm-none-eabi/lib/thumb/v7e-m+fp/hard\libc_nano.a(lib_a-ctype_.o)
 .ARM.attributes
                0x000005cd       0x34 c:/progra~2/gnuarm~1/102021~1.10/bin/../lib/gcc/arm-none-eabi/10.3.1/../../../../arm-none-eabi/lib/thumb/v7e-m+fp/hard\libc_nano.a(lib_a-fflush.o)
 .ARM.attributes
                0x00000601       0x34 c:/progra~2/gnuarm~1/102021~1.10/bin/../lib/gcc/arm-none-eabi/10.3.1/../../../../arm-none-eabi/lib/thumb/v7e-m+fp/hard\libc_nano.a(lib_a-findfp.o)
 .ARM.attributes
                0x00000635       0x34 c:/progra~2/gnuarm~1/102021~1.10/bin/../lib/gcc/arm-none-eabi/10.3.1/../../../../arm-none-eabi/lib/thumb/v7e-m+fp/hard\libc_nano.a(lib_a-fwalk.o)
 .ARM.attributes
                0x00000669       0x34 c:/progra~2/gnuarm~1/102021~1.10/bin/../lib/gcc/arm-none-eabi/10.3.1/../../../../arm-none-eabi/lib/thumb/v7e-m+fp/hard\libc_nano.a(lib_a-lock.o)
 .ARM.attributes
                0x0000069d       0x34 c:/progra~2/gnuarm~1/102021~1.10/bin/../lib/gcc/arm-none-eabi/10.3.1/../../../../arm-none-eabi/lib/thumb/v7e-m+fp/hard\libc_nano.a(lib_a-makebuf.o)
 .ARM.attributes
                0x000006d1       0x34 c:/progra~2/gnuarm~1/102021~1.10/bin/../lib/gcc/arm-none-eabi/10.3.1/../../../../arm-none-eabi/lib/thumb/v7e-m+fp/hard\libc_nano.a(lib_a-signal.o)
 .ARM.attributes
                0x00000705       0x34 c:/progra~2/gnuarm~1/102021~1.10/bin/../lib/gcc/arm-none-eabi/10.3.1/../../../../arm-none-eabi/lib/thumb/v7e-m+fp/hard\libc_nano.a(lib_a-signalr.o)
 .ARM.attributes
                0x00000739       0x34 c:/progra~2/gnuarm~1/102021~1.10/bin/../lib/gcc/arm-none-eabi/10.3.1/../../../../arm-none-eabi/lib/thumb/v7e-m+fp/hard\libc_nano.a(lib_a-stdio.o)
 .ARM.attributes
                0x0000076d       0x34 c:/progra~2/gnuarm~1/102021~1.10/bin/../lib/gcc/arm-none-eabi/10.3.1/../../../../arm-none-eabi/lib/thumb/v7e-m+fp/hard\libc_nano.a(lib_a-writer.o)
 .ARM.attributes
                0x000007a1       0x34 c:/progra~2/gnuarm~1/102021~1.10/bin/../lib/gcc/arm-none-eabi/10.3.1/../../../../arm-none-eabi/lib/thumb/v7e-m+fp/hard\libc_nano.a(lib_a-closer.o)
 .ARM.attributes
                0x000007d5       0x34 c:/progra~2/gnuarm~1/102021~1.10/bin/../lib/gcc/arm-none-eabi/10.3.1/../../../../arm-none-eabi/lib/thumb/v7e-m+fp/hard\libc_nano.a(lib_a-fstatr.o)
 .ARM.attributes
                0x00000809       0x34 c:/progra~2/gnuarm~1/102021~1.10/bin/../lib/gcc/arm-none-eabi/10.3.1/../../../../arm-none-eabi/lib/thumb/v7e-m+fp/hard\libc_nano.a(lib_a-isattyr.o)
 .ARM.attributes
                0x0000083d       0x34 c:/progra~2/gnuarm~1/102021~1.10/bin/../lib/gcc/arm-none-eabi/10.3.1/../../../../arm-none-eabi/lib/thumb/v7e-m+fp/hard\libc_nano.a(lib_a-lseekr.o)
 .ARM.attributes
                0x00000871       0x34 c:/progra~2/gnuarm~1/102021~1.10/bin/../lib/gcc/arm-none-eabi/10.3.1/../../../../arm-none-eabi/lib/thumb/v7e-m+fp/hard\libc_nano.a(lib_a-readr.o)
 .ARM.attributes
                0x000008a5       0x34 CMakeFiles/IoTdeviceV1.dir/Core/Src/main.c.obj
 .ARM.attributes
                0x000008d9       0x34 CMakeFiles/IoTdeviceV1.dir/Core/Src/gpio.c.obj
 .ARM.attributes
                0x0000090d       0x34 CMakeFiles/IoTdeviceV1.dir/Core/Src/adc.c.obj
 .ARM.attributes
                0x00000941       0x34 CMakeFiles/IoTdeviceV1.dir/Core/Src/spi.c.obj
 .ARM.attributes
                0x00000975       0x34 CMakeFiles/IoTdeviceV1.dir/Core/Src/usart.c.obj
 .ARM.attributes
                0x000009a9       0x34 CMakeFiles/IoTdeviceV1.dir/Core/Src/stm32f3xx_it.c.obj
 .ARM.attributes
                0x000009dd       0x34 CMakeFiles/IoTdeviceV1.dir/Core/Src/stm32f3xx_hal_msp.c.obj
 .ARM.attributes
                0x00000a11       0x34 CMakeFiles/IoTdeviceV1.dir/Drivers/STM32F3xx_HAL_Driver/Src/stm32f3xx_hal_adc_ex.c.obj
 .ARM.attributes
                0x00000a45       0x34 CMakeFiles/IoTdeviceV1.dir/Drivers/STM32F3xx_HAL_Driver/Src/stm32f3xx_hal.c.obj
 .ARM.attributes
                0x00000a79       0x34 CMakeFiles/IoTdeviceV1.dir/Drivers/STM32F3xx_HAL_Driver/Src/stm32f3xx_hal_rcc.c.obj
 .ARM.attributes
                0x00000aad       0x34 CMakeFiles/IoTdeviceV1.dir/Drivers/STM32F3xx_HAL_Driver/Src/stm32f3xx_hal_rcc_ex.c.obj
 .ARM.attributes
                0x00000ae1       0x34 CMakeFiles/IoTdeviceV1.dir/Drivers/STM32F3xx_HAL_Driver/Src/stm32f3xx_hal_gpio.c.obj
 .ARM.attributes
                0x00000b15       0x34 CMakeFiles/IoTdeviceV1.dir/Drivers/STM32F3xx_HAL_Driver/Src/stm32f3xx_hal_cortex.c.obj
 .ARM.attributes
                0x00000b49       0x34 CMakeFiles/IoTdeviceV1.dir/Drivers/STM32F3xx_HAL_Driver/Src/stm32f3xx_hal_spi.c.obj
 .ARM.attributes
                0x00000b7d       0x34 CMakeFiles/IoTdeviceV1.dir/Drivers/STM32F3xx_HAL_Driver/Src/stm32f3xx_hal_uart.c.obj
 .ARM.attributes
                0x00000bb1       0x34 CMakeFiles/IoTdeviceV1.dir/Core/Src/system_stm32f3xx.c.obj
 .ARM.attributes
                0x00000be5       0x34 CMakeFiles/IoTdeviceV1.dir/Core/Src/sysmem.c.obj
 .ARM.attributes
                0x00000c19       0x34 CMakeFiles/IoTdeviceV1.dir/Core/Src/syscalls.c.obj
 .ARM.attributes
                0x00000c4d       0x21 CMakeFiles/IoTdeviceV1.dir/startup_stm32f303x8.s.obj
 .ARM.attributes
                0x00000c6e       0x1e c:/progra~2/gnuarm~1/102021~1.10/bin/../lib/gcc/arm-none-eabi/10.3.1/thumb/v7e-m+fp/hard\libgcc.a(_arm_addsubdf3.o)
 .ARM.attributes
                0x00000c8c       0x1e c:/progra~2/gnuarm~1/102021~1.10/bin/../lib/gcc/arm-none-eabi/10.3.1/thumb/v7e-m+fp/hard\libgcc.a(_arm_muldivdf3.o)
 .ARM.attributes
                0x00000caa       0x1e c:/progra~2/gnuarm~1/102021~1.10/bin/../lib/gcc/arm-none-eabi/10.3.1/thumb/v7e-m+fp/hard\libgcc.a(_arm_cmpdf2.o)
 .ARM.attributes
                0x00000cc8       0x1e c:/progra~2/gnuarm~1/102021~1.10/bin/../lib/gcc/arm-none-eabi/10.3.1/thumb/v7e-m+fp/hard\libgcc.a(_arm_unorddf2.o)
 .ARM.attributes
                0x00000ce6       0x1e c:/progra~2/gnuarm~1/102021~1.10/bin/../lib/gcc/arm-none-eabi/10.3.1/thumb/v7e-m+fp/hard\libgcc.a(_arm_fixdfsi.o)
 .ARM.attributes
                0x00000d04       0x1e c:/progra~2/gnuarm~1/102021~1.10/bin/../lib/gcc/arm-none-eabi/10.3.1/thumb/v7e-m+fp/hard\libgcc.a(_arm_truncdfsf2.o)
 .ARM.attributes
                0x00000d22       0x34 c:/progra~2/gnuarm~1/102021~1.10/bin/../lib/gcc/arm-none-eabi/10.3.1/../../../../arm-none-eabi/lib/thumb/v7e-m+fp/hard\libg_nano.a(lib_a-errno.o)
 .ARM.attributes
                0x00000d56       0x34 c:/progra~2/gnuarm~1/102021~1.10/bin/../lib/gcc/arm-none-eabi/10.3.1/../../../../arm-none-eabi/lib/thumb/v7e-m+fp/hard\libg_nano.a(lib_a-printf.o)
 .ARM.attributes
                0x00000d8a       0x1e c:/progra~2/gnuarm~1/102021~1.10/bin/../lib/gcc/arm-none-eabi/10.3.1/thumb/v7e-m+fp/hard/crtn.o

.comment        0x00000000       0x49
 .comment       0x00000000       0x49 CMakeFiles/IoTdeviceV1.dir/Core/Src/main.c.obj
                                 0x4a (size before relaxing)
 .comment       0x00000049       0x4a CMakeFiles/IoTdeviceV1.dir/Core/Src/gpio.c.obj
 .comment       0x00000049       0x4a CMakeFiles/IoTdeviceV1.dir/Core/Src/adc.c.obj
 .comment       0x00000049       0x4a CMakeFiles/IoTdeviceV1.dir/Core/Src/spi.c.obj
 .comment       0x00000049       0x4a CMakeFiles/IoTdeviceV1.dir/Core/Src/usart.c.obj
 .comment       0x00000049       0x4a CMakeFiles/IoTdeviceV1.dir/Core/Src/stm32f3xx_it.c.obj
 .comment       0x00000049       0x4a CMakeFiles/IoTdeviceV1.dir/Core/Src/stm32f3xx_hal_msp.c.obj
 .comment       0x00000049       0x4a CMakeFiles/IoTdeviceV1.dir/Drivers/STM32F3xx_HAL_Driver/Src/stm32f3xx_hal_adc_ex.c.obj
 .comment       0x00000049       0x4a CMakeFiles/IoTdeviceV1.dir/Drivers/STM32F3xx_HAL_Driver/Src/stm32f3xx_hal.c.obj
 .comment       0x00000049       0x4a CMakeFiles/IoTdeviceV1.dir/Drivers/STM32F3xx_HAL_Driver/Src/stm32f3xx_hal_rcc.c.obj
 .comment       0x00000049       0x4a CMakeFiles/IoTdeviceV1.dir/Drivers/STM32F3xx_HAL_Driver/Src/stm32f3xx_hal_rcc_ex.c.obj
 .comment       0x00000049       0x4a CMakeFiles/IoTdeviceV1.dir/Drivers/STM32F3xx_HAL_Driver/Src/stm32f3xx_hal_gpio.c.obj
 .comment       0x00000049       0x4a CMakeFiles/IoTdeviceV1.dir/Drivers/STM32F3xx_HAL_Driver/Src/stm32f3xx_hal_cortex.c.obj
 .comment       0x00000049       0x4a CMakeFiles/IoTdeviceV1.dir/Drivers/STM32F3xx_HAL_Driver/Src/stm32f3xx_hal_spi.c.obj
 .comment       0x00000049       0x4a CMakeFiles/IoTdeviceV1.dir/Drivers/STM32F3xx_HAL_Driver/Src/stm32f3xx_hal_uart.c.obj
 .comment       0x00000049       0x4a CMakeFiles/IoTdeviceV1.dir/Core/Src/system_stm32f3xx.c.obj
 .comment       0x00000049       0x4a CMakeFiles/IoTdeviceV1.dir/Core/Src/sysmem.c.obj
 .comment       0x00000049       0x4a CMakeFiles/IoTdeviceV1.dir/Core/Src/syscalls.c.obj

.debug_frame    0x00000000     0x3bc4
 .debug_frame   0x00000000       0x2c c:/progra~2/gnuarm~1/102021~1.10/bin/../lib/gcc/arm-none-eabi/10.3.1/../../../../arm-none-eabi/lib/thumb/v7e-m+fp/hard\libc_nano.a(lib_a-init.o)
 .debug_frame   0x0000002c       0x20 c:/progra~2/gnuarm~1/102021~1.10/bin/../lib/gcc/arm-none-eabi/10.3.1/../../../../arm-none-eabi/lib/thumb/v7e-m+fp/hard\libc_nano.a(lib_a-memset.o)
 .debug_frame   0x0000004c       0xa0 c:/progra~2/gnuarm~1/102021~1.10/bin/../lib/gcc/arm-none-eabi/10.3.1/../../../../arm-none-eabi/lib/thumb/v7e-m+fp/hard\libc_nano.a(lib_a-nano-vfprintf_float.o)
 .debug_frame   0x000000ec       0x60 c:/progra~2/gnuarm~1/102021~1.10/bin/../lib/gcc/arm-none-eabi/10.3.1/../../../../arm-none-eabi/lib/thumb/v7e-m+fp/hard\libc_nano.a(lib_a-nano-vfprintf_i.o)
 .debug_frame   0x0000014c       0x88 c:/progra~2/gnuarm~1/102021~1.10/bin/../lib/gcc/arm-none-eabi/10.3.1/../../../../arm-none-eabi/lib/thumb/v7e-m+fp/hard\libc_nano.a(lib_a-dtoa.o)
 .debug_frame   0x000001d4       0x40 c:/progra~2/gnuarm~1/102021~1.10/bin/../lib/gcc/arm-none-eabi/10.3.1/../../../../arm-none-eabi/lib/thumb/v7e-m+fp/hard\libc_nano.a(lib_a-localeconv.o)
 .debug_frame   0x00000214       0x30 c:/progra~2/gnuarm~1/102021~1.10/bin/../lib/gcc/arm-none-eabi/10.3.1/../../../../arm-none-eabi/lib/thumb/v7e-m+fp/hard\libc_nano.a(lib_a-malloc.o)
 .debug_frame   0x00000244       0x28 c:/progra~2/gnuarm~1/102021~1.10/bin/../lib/gcc/arm-none-eabi/10.3.1/../../../../arm-none-eabi/lib/thumb/v7e-m+fp/hard\libc_nano.a(lib_a-memcpy-stub.o)
 .debug_frame   0x0000026c      0x25c c:/progra~2/gnuarm~1/102021~1.10/bin/../lib/gcc/arm-none-eabi/10.3.1/../../../../arm-none-eabi/lib/thumb/v7e-m+fp/hard\libc_nano.a(lib_a-mprec.o)
 .debug_frame   0x000004c8       0x30 c:/progra~2/gnuarm~1/102021~1.10/bin/../lib/gcc/arm-none-eabi/10.3.1/../../../../arm-none-eabi/lib/thumb/v7e-m+fp/hard\libc_nano.a(lib_a-nano-callocr.o)
 .debug_frame   0x000004f8       0x38 c:/progra~2/gnuarm~1/102021~1.10/bin/../lib/gcc/arm-none-eabi/10.3.1/../../../../arm-none-eabi/lib/thumb/v7e-m+fp/hard\libc_nano.a(lib_a-nano-freer.o)
 .debug_frame   0x00000530       0x4c c:/progra~2/gnuarm~1/102021~1.10/bin/../lib/gcc/arm-none-eabi/10.3.1/../../../../arm-none-eabi/lib/thumb/v7e-m+fp/hard\libc_nano.a(lib_a-nano-mallocr.o)
 .debug_frame   0x0000057c       0x2c c:/progra~2/gnuarm~1/102021~1.10/bin/../lib/gcc/arm-none-eabi/10.3.1/../../../../arm-none-eabi/lib/thumb/v7e-m+fp/hard\libc_nano.a(lib_a-sbrkr.o)
 .debug_frame   0x000005a8       0x40 c:/progra~2/gnuarm~1/102021~1.10/bin/../lib/gcc/arm-none-eabi/10.3.1/../../../../arm-none-eabi/lib/thumb/v7e-m+fp/hard\libc_nano.a(lib_a-assert.o)
 .debug_frame   0x000005e8       0x64 c:/progra~2/gnuarm~1/102021~1.10/bin/../lib/gcc/arm-none-eabi/10.3.1/../../../../arm-none-eabi/lib/thumb/v7e-m+fp/hard\libc_nano.a(lib_a-fprintf.o)
 .debug_frame   0x0000064c       0x48 c:/progra~2/gnuarm~1/102021~1.10/bin/../lib/gcc/arm-none-eabi/10.3.1/../../../../arm-none-eabi/lib/thumb/v7e-m+fp/hard\libc_nano.a(lib_a-locale.o)
 .debug_frame   0x00000694       0x48 c:/progra~2/gnuarm~1/102021~1.10/bin/../lib/gcc/arm-none-eabi/10.3.1/../../../../arm-none-eabi/lib/thumb/v7e-m+fp/hard\libc_nano.a(lib_a-mbtowc_r.o)
 .debug_frame   0x000006dc       0x30 c:/progra~2/gnuarm~1/102021~1.10/bin/../lib/gcc/arm-none-eabi/10.3.1/../../../../arm-none-eabi/lib/thumb/v7e-m+fp/hard\libc_nano.a(lib_a-mlock.o)
 .debug_frame   0x0000070c       0xac c:/progra~2/gnuarm~1/102021~1.10/bin/../lib/gcc/arm-none-eabi/10.3.1/../../../../arm-none-eabi/lib/thumb/v7e-m+fp/hard\libc_nano.a(lib_a-nano-vfprintf.o)
 .debug_frame   0x000007b8       0x5c c:/progra~2/gnuarm~1/102021~1.10/bin/../lib/gcc/arm-none-eabi/10.3.1/../../../../arm-none-eabi/lib/thumb/v7e-m+fp/hard\libc_nano.a(lib_a-reent.o)
 .debug_frame   0x00000814       0x40 c:/progra~2/gnuarm~1/102021~1.10/bin/../lib/gcc/arm-none-eabi/10.3.1/../../../../arm-none-eabi/lib/thumb/v7e-m+fp/hard\libc_nano.a(lib_a-wbuf.o)
 .debug_frame   0x00000854       0x3c c:/progra~2/gnuarm~1/102021~1.10/bin/../lib/gcc/arm-none-eabi/10.3.1/../../../../arm-none-eabi/lib/thumb/v7e-m+fp/hard\libc_nano.a(lib_a-wctomb_r.o)
 .debug_frame   0x00000890       0x2c c:/progra~2/gnuarm~1/102021~1.10/bin/../lib/gcc/arm-none-eabi/10.3.1/../../../../arm-none-eabi/lib/thumb/v7e-m+fp/hard\libc_nano.a(lib_a-wsetup.o)
 .debug_frame   0x000008bc       0x28 c:/progra~2/gnuarm~1/102021~1.10/bin/../lib/gcc/arm-none-eabi/10.3.1/../../../../arm-none-eabi/lib/thumb/v7e-m+fp/hard\libc_nano.a(lib_a-abort.o)
 .debug_frame   0x000008e4       0x5c c:/progra~2/gnuarm~1/102021~1.10/bin/../lib/gcc/arm-none-eabi/10.3.1/../../../../arm-none-eabi/lib/thumb/v7e-m+fp/hard\libc_nano.a(lib_a-fflush.o)
 .debug_frame   0x00000940      0x14c c:/progra~2/gnuarm~1/102021~1.10/bin/../lib/gcc/arm-none-eabi/10.3.1/../../../../arm-none-eabi/lib/thumb/v7e-m+fp/hard\libc_nano.a(lib_a-findfp.o)
 .debug_frame   0x00000a8c       0x54 c:/progra~2/gnuarm~1/102021~1.10/bin/../lib/gcc/arm-none-eabi/10.3.1/../../../../arm-none-eabi/lib/thumb/v7e-m+fp/hard\libc_nano.a(lib_a-fwalk.o)
 .debug_frame   0x00000ae0       0xb0 c:/progra~2/gnuarm~1/102021~1.10/bin/../lib/gcc/arm-none-eabi/10.3.1/../../../../arm-none-eabi/lib/thumb/v7e-m+fp/hard\libc_nano.a(lib_a-lock.o)
 .debug_frame   0x00000b90       0x58 c:/progra~2/gnuarm~1/102021~1.10/bin/../lib/gcc/arm-none-eabi/10.3.1/../../../../arm-none-eabi/lib/thumb/v7e-m+fp/hard\libc_nano.a(lib_a-makebuf.o)
 .debug_frame   0x00000be8       0xcc c:/progra~2/gnuarm~1/102021~1.10/bin/../lib/gcc/arm-none-eabi/10.3.1/../../../../arm-none-eabi/lib/thumb/v7e-m+fp/hard\libc_nano.a(lib_a-signal.o)
 .debug_frame   0x00000cb4       0x3c c:/progra~2/gnuarm~1/102021~1.10/bin/../lib/gcc/arm-none-eabi/10.3.1/../../../../arm-none-eabi/lib/thumb/v7e-m+fp/hard\libc_nano.a(lib_a-signalr.o)
 .debug_frame   0x00000cf0       0x88 c:/progra~2/gnuarm~1/102021~1.10/bin/../lib/gcc/arm-none-eabi/10.3.1/../../../../arm-none-eabi/lib/thumb/v7e-m+fp/hard\libc_nano.a(lib_a-stdio.o)
 .debug_frame   0x00000d78       0x2c c:/progra~2/gnuarm~1/102021~1.10/bin/../lib/gcc/arm-none-eabi/10.3.1/../../../../arm-none-eabi/lib/thumb/v7e-m+fp/hard\libc_nano.a(lib_a-writer.o)
 .debug_frame   0x00000da4       0x2c c:/progra~2/gnuarm~1/102021~1.10/bin/../lib/gcc/arm-none-eabi/10.3.1/../../../../arm-none-eabi/lib/thumb/v7e-m+fp/hard\libc_nano.a(lib_a-closer.o)
 .debug_frame   0x00000dd0       0x2c c:/progra~2/gnuarm~1/102021~1.10/bin/../lib/gcc/arm-none-eabi/10.3.1/../../../../arm-none-eabi/lib/thumb/v7e-m+fp/hard\libc_nano.a(lib_a-fstatr.o)
 .debug_frame   0x00000dfc       0x2c c:/progra~2/gnuarm~1/102021~1.10/bin/../lib/gcc/arm-none-eabi/10.3.1/../../../../arm-none-eabi/lib/thumb/v7e-m+fp/hard\libc_nano.a(lib_a-isattyr.o)
 .debug_frame   0x00000e28       0x2c c:/progra~2/gnuarm~1/102021~1.10/bin/../lib/gcc/arm-none-eabi/10.3.1/../../../../arm-none-eabi/lib/thumb/v7e-m+fp/hard\libc_nano.a(lib_a-lseekr.o)
 .debug_frame   0x00000e54       0x2c c:/progra~2/gnuarm~1/102021~1.10/bin/../lib/gcc/arm-none-eabi/10.3.1/../../../../arm-none-eabi/lib/thumb/v7e-m+fp/hard\libc_nano.a(lib_a-readr.o)
 .debug_frame   0x00000e80       0x70 CMakeFiles/IoTdeviceV1.dir/Core/Src/main.c.obj
 .debug_frame   0x00000ef0       0x34 CMakeFiles/IoTdeviceV1.dir/Core/Src/gpio.c.obj
 .debug_frame   0x00000f24       0x7c CMakeFiles/IoTdeviceV1.dir/Core/Src/adc.c.obj
 .debug_frame   0x00000fa0       0x74 CMakeFiles/IoTdeviceV1.dir/Core/Src/spi.c.obj
 .debug_frame   0x00001014       0x98 CMakeFiles/IoTdeviceV1.dir/Core/Src/usart.c.obj
 .debug_frame   0x000010ac      0x104 CMakeFiles/IoTdeviceV1.dir/Core/Src/stm32f3xx_it.c.obj
 .debug_frame   0x000011b0       0x38 CMakeFiles/IoTdeviceV1.dir/Core/Src/stm32f3xx_hal_msp.c.obj
 .debug_frame   0x000011e8      0x638 CMakeFiles/IoTdeviceV1.dir/Drivers/STM32F3xx_HAL_Driver/Src/stm32f3xx_hal_adc_ex.c.obj
 .debug_frame   0x00001820      0x334 CMakeFiles/IoTdeviceV1.dir/Drivers/STM32F3xx_HAL_Driver/Src/stm32f3xx_hal.c.obj
 .debug_frame   0x00001b54      0x214 CMakeFiles/IoTdeviceV1.dir/Drivers/STM32F3xx_HAL_Driver/Src/stm32f3xx_hal_rcc.c.obj
 .debug_frame   0x00001d68       0xac CMakeFiles/IoTdeviceV1.dir/Drivers/STM32F3xx_HAL_Driver/Src/stm32f3xx_hal_rcc_ex.c.obj
 .debug_frame   0x00001e14      0x14c CMakeFiles/IoTdeviceV1.dir/Drivers/STM32F3xx_HAL_Driver/Src/stm32f3xx_hal_gpio.c.obj
 .debug_frame   0x00001f60      0x428 CMakeFiles/IoTdeviceV1.dir/Drivers/STM32F3xx_HAL_Driver/Src/stm32f3xx_hal_cortex.c.obj
 .debug_frame   0x00002388      0x860 CMakeFiles/IoTdeviceV1.dir/Drivers/STM32F3xx_HAL_Driver/Src/stm32f3xx_hal_spi.c.obj
 .debug_frame   0x00002be8      0x9e8 CMakeFiles/IoTdeviceV1.dir/Drivers/STM32F3xx_HAL_Driver/Src/stm32f3xx_hal_uart.c.obj
 .debug_frame   0x000035d0       0x58 CMakeFiles/IoTdeviceV1.dir/Core/Src/system_stm32f3xx.c.obj
 .debug_frame   0x00003628       0x34 CMakeFiles/IoTdeviceV1.dir/Core/Src/sysmem.c.obj
 .debug_frame   0x0000365c      0x2ac CMakeFiles/IoTdeviceV1.dir/Core/Src/syscalls.c.obj
 .debug_frame   0x00003908       0xac c:/progra~2/gnuarm~1/102021~1.10/bin/../lib/gcc/arm-none-eabi/10.3.1/thumb/v7e-m+fp/hard\libgcc.a(_arm_addsubdf3.o)
 .debug_frame   0x000039b4       0x50 c:/progra~2/gnuarm~1/102021~1.10/bin/../lib/gcc/arm-none-eabi/10.3.1/thumb/v7e-m+fp/hard\libgcc.a(_arm_muldivdf3.o)
 .debug_frame   0x00003a04       0xc4 c:/progra~2/gnuarm~1/102021~1.10/bin/../lib/gcc/arm-none-eabi/10.3.1/thumb/v7e-m+fp/hard\libgcc.a(_arm_cmpdf2.o)
 .debug_frame   0x00003ac8       0x20 c:/progra~2/gnuarm~1/102021~1.10/bin/../lib/gcc/arm-none-eabi/10.3.1/thumb/v7e-m+fp/hard\libgcc.a(_arm_unorddf2.o)
 .debug_frame   0x00003ae8       0x24 c:/progra~2/gnuarm~1/102021~1.10/bin/../lib/gcc/arm-none-eabi/10.3.1/thumb/v7e-m+fp/hard\libgcc.a(_arm_fixdfsi.o)
 .debug_frame   0x00003b0c       0x24 c:/progra~2/gnuarm~1/102021~1.10/bin/../lib/gcc/arm-none-eabi/10.3.1/thumb/v7e-m+fp/hard\libgcc.a(_arm_truncdfsf2.o)
 .debug_frame   0x00003b30       0x20 c:/progra~2/gnuarm~1/102021~1.10/bin/../lib/gcc/arm-none-eabi/10.3.1/../../../../arm-none-eabi/lib/thumb/v7e-m+fp/hard\libg_nano.a(lib_a-errno.o)
 .debug_frame   0x00003b50       0x74 c:/progra~2/gnuarm~1/102021~1.10/bin/../lib/gcc/arm-none-eabi/10.3.1/../../../../arm-none-eabi/lib/thumb/v7e-m+fp/hard\libg_nano.a(lib_a-printf.o)

.debug_info     0x00000000     0xd30c
 .debug_info    0x00000000      0x93a CMakeFiles/IoTdeviceV1.dir/Core/Src/main.c.obj
 .debug_info    0x0000093a      0x2df CMakeFiles/IoTdeviceV1.dir/Core/Src/gpio.c.obj
 .debug_info    0x00000c19      0xa0f CMakeFiles/IoTdeviceV1.dir/Core/Src/adc.c.obj
 .debug_info    0x00001628      0x854 CMakeFiles/IoTdeviceV1.dir/Core/Src/spi.c.obj
 .debug_info    0x00001e7c      0x979 CMakeFiles/IoTdeviceV1.dir/Core/Src/usart.c.obj
 .debug_info    0x000027f5      0x119 CMakeFiles/IoTdeviceV1.dir/Core/Src/stm32f3xx_it.c.obj
 .debug_info    0x0000290e      0x1aa CMakeFiles/IoTdeviceV1.dir/Core/Src/stm32f3xx_hal_msp.c.obj
 .debug_info    0x00002ab8     0x161c CMakeFiles/IoTdeviceV1.dir/Drivers/STM32F3xx_HAL_Driver/Src/stm32f3xx_hal_adc_ex.c.obj
 .debug_info    0x000040d4      0x72a CMakeFiles/IoTdeviceV1.dir/Drivers/STM32F3xx_HAL_Driver/Src/stm32f3xx_hal.c.obj
 .debug_info    0x000047fe     0x14d3 CMakeFiles/IoTdeviceV1.dir/Drivers/STM32F3xx_HAL_Driver/Src/stm32f3xx_hal_rcc.c.obj
 .debug_info    0x00005cd1      0x52e CMakeFiles/IoTdeviceV1.dir/Drivers/STM32F3xx_HAL_Driver/Src/stm32f3xx_hal_rcc_ex.c.obj
 .debug_info    0x000061ff      0x74e CMakeFiles/IoTdeviceV1.dir/Drivers/STM32F3xx_HAL_Driver/Src/stm32f3xx_hal_gpio.c.obj
 .debug_info    0x0000694d      0xb20 CMakeFiles/IoTdeviceV1.dir/Drivers/STM32F3xx_HAL_Driver/Src/stm32f3xx_hal_cortex.c.obj
 .debug_info    0x0000746d     0x170f CMakeFiles/IoTdeviceV1.dir/Drivers/STM32F3xx_HAL_Driver/Src/stm32f3xx_hal_spi.c.obj
 .debug_info    0x00008b7c     0x3b47 CMakeFiles/IoTdeviceV1.dir/Drivers/STM32F3xx_HAL_Driver/Src/stm32f3xx_hal_uart.c.obj
 .debug_info    0x0000c6c3      0x416 CMakeFiles/IoTdeviceV1.dir/Core/Src/system_stm32f3xx.c.obj
 .debug_info    0x0000cad9      0x15f CMakeFiles/IoTdeviceV1.dir/Core/Src/sysmem.c.obj
 .debug_info    0x0000cc38      0x6b2 CMakeFiles/IoTdeviceV1.dir/Core/Src/syscalls.c.obj
 .debug_info    0x0000d2ea       0x22 CMakeFiles/IoTdeviceV1.dir/startup_stm32f303x8.s.obj

.debug_abbrev   0x00000000     0x1e9f
 .debug_abbrev  0x00000000      0x1e8 CMakeFiles/IoTdeviceV1.dir/Core/Src/main.c.obj
 .debug_abbrev  0x000001e8      0x116 CMakeFiles/IoTdeviceV1.dir/Core/Src/gpio.c.obj
 .debug_abbrev  0x000002fe      0x1a1 CMakeFiles/IoTdeviceV1.dir/Core/Src/adc.c.obj
 .debug_abbrev  0x0000049f      0x1a1 CMakeFiles/IoTdeviceV1.dir/Core/Src/spi.c.obj
 .debug_abbrev  0x00000640      0x1d7 CMakeFiles/IoTdeviceV1.dir/Core/Src/usart.c.obj
 .debug_abbrev  0x00000817       0x61 CMakeFiles/IoTdeviceV1.dir/Core/Src/stm32f3xx_it.c.obj
 .debug_abbrev  0x00000878       0xc2 CMakeFiles/IoTdeviceV1.dir/Core/Src/stm32f3xx_hal_msp.c.obj
 .debug_abbrev  0x0000093a      0x239 CMakeFiles/IoTdeviceV1.dir/Drivers/STM32F3xx_HAL_Driver/Src/stm32f3xx_hal_adc_ex.c.obj
 .debug_abbrev  0x00000b73      0x1db CMakeFiles/IoTdeviceV1.dir/Drivers/STM32F3xx_HAL_Driver/Src/stm32f3xx_hal.c.obj
 .debug_abbrev  0x00000d4e      0x2b1 CMakeFiles/IoTdeviceV1.dir/Drivers/STM32F3xx_HAL_Driver/Src/stm32f3xx_hal_rcc.c.obj
 .debug_abbrev  0x00000fff      0x207 CMakeFiles/IoTdeviceV1.dir/Drivers/STM32F3xx_HAL_Driver/Src/stm32f3xx_hal_rcc_ex.c.obj
 .debug_abbrev  0x00001206      0x1bb CMakeFiles/IoTdeviceV1.dir/Drivers/STM32F3xx_HAL_Driver/Src/stm32f3xx_hal_gpio.c.obj
 .debug_abbrev  0x000013c1      0x2ed CMakeFiles/IoTdeviceV1.dir/Drivers/STM32F3xx_HAL_Driver/Src/stm32f3xx_hal_cortex.c.obj
 .debug_abbrev  0x000016ae      0x228 CMakeFiles/IoTdeviceV1.dir/Drivers/STM32F3xx_HAL_Driver/Src/stm32f3xx_hal_spi.c.obj
 .debug_abbrev  0x000018d6      0x27b CMakeFiles/IoTdeviceV1.dir/Drivers/STM32F3xx_HAL_Driver/Src/stm32f3xx_hal_uart.c.obj
 .debug_abbrev  0x00001b51      0x116 CMakeFiles/IoTdeviceV1.dir/Core/Src/system_stm32f3xx.c.obj
 .debug_abbrev  0x00001c67       0xa6 CMakeFiles/IoTdeviceV1.dir/Core/Src/sysmem.c.obj
 .debug_abbrev  0x00001d0d      0x180 CMakeFiles/IoTdeviceV1.dir/Core/Src/syscalls.c.obj
 .debug_abbrev  0x00001e8d       0x12 CMakeFiles/IoTdeviceV1.dir/startup_stm32f303x8.s.obj

.debug_aranges  0x00000000      0xae0
 .debug_aranges
                0x00000000       0x30 CMakeFiles/IoTdeviceV1.dir/Core/Src/main.c.obj
 .debug_aranges
                0x00000030       0x20 CMakeFiles/IoTdeviceV1.dir/Core/Src/gpio.c.obj
 .debug_aranges
                0x00000050       0x30 CMakeFiles/IoTdeviceV1.dir/Core/Src/adc.c.obj
 .debug_aranges
                0x00000080       0x30 CMakeFiles/IoTdeviceV1.dir/Core/Src/spi.c.obj
 .debug_aranges
                0x000000b0       0x38 CMakeFiles/IoTdeviceV1.dir/Core/Src/usart.c.obj
 .debug_aranges
                0x000000e8       0x60 CMakeFiles/IoTdeviceV1.dir/Core/Src/stm32f3xx_it.c.obj
 .debug_aranges
                0x00000148       0x20 CMakeFiles/IoTdeviceV1.dir/Core/Src/stm32f3xx_hal_msp.c.obj
 .debug_aranges
                0x00000168      0x168 CMakeFiles/IoTdeviceV1.dir/Drivers/STM32F3xx_HAL_Driver/Src/stm32f3xx_hal_adc_ex.c.obj
 .debug_aranges
                0x000002d0       0xe0 CMakeFiles/IoTdeviceV1.dir/Drivers/STM32F3xx_HAL_Driver/Src/stm32f3xx_hal.c.obj
 .debug_aranges
                0x000003b0       0x88 CMakeFiles/IoTdeviceV1.dir/Drivers/STM32F3xx_HAL_Driver/Src/stm32f3xx_hal_rcc.c.obj
 .debug_aranges
                0x00000438       0x38 CMakeFiles/IoTdeviceV1.dir/Drivers/STM32F3xx_HAL_Driver/Src/stm32f3xx_hal_rcc_ex.c.obj
 .debug_aranges
                0x00000470       0x58 CMakeFiles/IoTdeviceV1.dir/Drivers/STM32F3xx_HAL_Driver/Src/stm32f3xx_hal_gpio.c.obj
 .debug_aranges
                0x000004c8      0x100 CMakeFiles/IoTdeviceV1.dir/Drivers/STM32F3xx_HAL_Driver/Src/stm32f3xx_hal_cortex.c.obj
 .debug_aranges
                0x000005c8      0x1d8 CMakeFiles/IoTdeviceV1.dir/Drivers/STM32F3xx_HAL_Driver/Src/stm32f3xx_hal_spi.c.obj
 .debug_aranges
                0x000007a0      0x228 CMakeFiles/IoTdeviceV1.dir/Drivers/STM32F3xx_HAL_Driver/Src/stm32f3xx_hal_uart.c.obj
 .debug_aranges
                0x000009c8       0x28 CMakeFiles/IoTdeviceV1.dir/Core/Src/system_stm32f3xx.c.obj
 .debug_aranges
                0x000009f0       0x20 CMakeFiles/IoTdeviceV1.dir/Core/Src/sysmem.c.obj
 .debug_aranges
                0x00000a10       0xa8 CMakeFiles/IoTdeviceV1.dir/Core/Src/syscalls.c.obj
 .debug_aranges
                0x00000ab8       0x28 CMakeFiles/IoTdeviceV1.dir/startup_stm32f303x8.s.obj

.debug_ranges   0x00000000      0x9e8
 .debug_ranges  0x00000000       0x20 CMakeFiles/IoTdeviceV1.dir/Core/Src/main.c.obj
 .debug_ranges  0x00000020       0x10 CMakeFiles/IoTdeviceV1.dir/Core/Src/gpio.c.obj
 .debug_ranges  0x00000030       0x20 CMakeFiles/IoTdeviceV1.dir/Core/Src/adc.c.obj
 .debug_ranges  0x00000050       0x20 CMakeFiles/IoTdeviceV1.dir/Core/Src/spi.c.obj
 .debug_ranges  0x00000070       0x28 CMakeFiles/IoTdeviceV1.dir/Core/Src/usart.c.obj
 .debug_ranges  0x00000098       0x50 CMakeFiles/IoTdeviceV1.dir/Core/Src/stm32f3xx_it.c.obj
 .debug_ranges  0x000000e8       0x10 CMakeFiles/IoTdeviceV1.dir/Core/Src/stm32f3xx_hal_msp.c.obj
 .debug_ranges  0x000000f8      0x158 CMakeFiles/IoTdeviceV1.dir/Drivers/STM32F3xx_HAL_Driver/Src/stm32f3xx_hal_adc_ex.c.obj
 .debug_ranges  0x00000250       0xd0 CMakeFiles/IoTdeviceV1.dir/Drivers/STM32F3xx_HAL_Driver/Src/stm32f3xx_hal.c.obj
 .debug_ranges  0x00000320       0x78 CMakeFiles/IoTdeviceV1.dir/Drivers/STM32F3xx_HAL_Driver/Src/stm32f3xx_hal_rcc.c.obj
 .debug_ranges  0x00000398       0x28 CMakeFiles/IoTdeviceV1.dir/Drivers/STM32F3xx_HAL_Driver/Src/stm32f3xx_hal_rcc_ex.c.obj
 .debug_ranges  0x000003c0       0x48 CMakeFiles/IoTdeviceV1.dir/Drivers/STM32F3xx_HAL_Driver/Src/stm32f3xx_hal_gpio.c.obj
 .debug_ranges  0x00000408       0xf0 CMakeFiles/IoTdeviceV1.dir/Drivers/STM32F3xx_HAL_Driver/Src/stm32f3xx_hal_cortex.c.obj
 .debug_ranges  0x000004f8      0x1c8 CMakeFiles/IoTdeviceV1.dir/Drivers/STM32F3xx_HAL_Driver/Src/stm32f3xx_hal_spi.c.obj
 .debug_ranges  0x000006c0      0x248 CMakeFiles/IoTdeviceV1.dir/Drivers/STM32F3xx_HAL_Driver/Src/stm32f3xx_hal_uart.c.obj
 .debug_ranges  0x00000908       0x18 CMakeFiles/IoTdeviceV1.dir/Core/Src/system_stm32f3xx.c.obj
 .debug_ranges  0x00000920       0x10 CMakeFiles/IoTdeviceV1.dir/Core/Src/sysmem.c.obj
 .debug_ranges  0x00000930       0x98 CMakeFiles/IoTdeviceV1.dir/Core/Src/syscalls.c.obj
 .debug_ranges  0x000009c8       0x20 CMakeFiles/IoTdeviceV1.dir/startup_stm32f303x8.s.obj

.debug_macro    0x00000000    0x1bf53
 .debug_macro   0x00000000      0x21a CMakeFiles/IoTdeviceV1.dir/Core/Src/main.c.obj
 .debug_macro   0x0000021a      0x164 CMakeFiles/IoTdeviceV1.dir/Core/Src/main.c.obj
 .debug_macro   0x0000037e       0x2e CMakeFiles/IoTdeviceV1.dir/Core/Src/main.c.obj
 .debug_macro   0x000003ac       0x28 CMakeFiles/IoTdeviceV1.dir/Core/Src/main.c.obj
 .debug_macro   0x000003d4       0x22 CMakeFiles/IoTdeviceV1.dir/Core/Src/main.c.obj
 .debug_macro   0x000003f6       0x8e CMakeFiles/IoTdeviceV1.dir/Core/Src/main.c.obj
 .debug_macro   0x00000484       0x51 CMakeFiles/IoTdeviceV1.dir/Core/Src/main.c.obj
 .debug_macro   0x000004d5      0x103 CMakeFiles/IoTdeviceV1.dir/Core/Src/main.c.obj
 .debug_macro   0x000005d8       0x6a CMakeFiles/IoTdeviceV1.dir/Core/Src/main.c.obj
 .debug_macro   0x00000642      0x1df CMakeFiles/IoTdeviceV1.dir/Core/Src/main.c.obj
 .debug_macro   0x00000821       0x1c CMakeFiles/IoTdeviceV1.dir/Core/Src/main.c.obj
 .debug_macro   0x0000083d       0x22 CMakeFiles/IoTdeviceV1.dir/Core/Src/main.c.obj
 .debug_macro   0x0000085f       0xd9 CMakeFiles/IoTdeviceV1.dir/Core/Src/main.c.obj
 .debug_macro   0x00000938      0xf07 CMakeFiles/IoTdeviceV1.dir/Core/Src/main.c.obj
 .debug_macro   0x0000183f    0x10be0 CMakeFiles/IoTdeviceV1.dir/Core/Src/main.c.obj
 .debug_macro   0x0001241f       0x6d CMakeFiles/IoTdeviceV1.dir/Core/Src/main.c.obj
 .debug_macro   0x0001248c     0x3574 CMakeFiles/IoTdeviceV1.dir/Core/Src/main.c.obj
 .debug_macro   0x00015a00      0x174 CMakeFiles/IoTdeviceV1.dir/Core/Src/main.c.obj
 .debug_macro   0x00015b74       0x55 CMakeFiles/IoTdeviceV1.dir/Core/Src/main.c.obj
 .debug_macro   0x00015bc9      0x8f8 CMakeFiles/IoTdeviceV1.dir/Core/Src/main.c.obj
 .debug_macro   0x000164c1      0x304 CMakeFiles/IoTdeviceV1.dir/Core/Src/main.c.obj
 .debug_macro   0x000167c5      0x1b5 CMakeFiles/IoTdeviceV1.dir/Core/Src/main.c.obj
 .debug_macro   0x0001697a      0x11b CMakeFiles/IoTdeviceV1.dir/Core/Src/main.c.obj
 .debug_macro   0x00016a95      0x1d5 CMakeFiles/IoTdeviceV1.dir/Core/Src/main.c.obj
 .debug_macro   0x00016c6a      0x1bc CMakeFiles/IoTdeviceV1.dir/Core/Src/main.c.obj
 .debug_macro   0x00016e26       0x34 CMakeFiles/IoTdeviceV1.dir/Core/Src/main.c.obj
 .debug_macro   0x00016e5a       0x3c CMakeFiles/IoTdeviceV1.dir/Core/Src/main.c.obj
 .debug_macro   0x00016e96       0x57 CMakeFiles/IoTdeviceV1.dir/Core/Src/main.c.obj
 .debug_macro   0x00016eed      0x87d CMakeFiles/IoTdeviceV1.dir/Core/Src/main.c.obj
 .debug_macro   0x0001776a       0x77 CMakeFiles/IoTdeviceV1.dir/Core/Src/main.c.obj
 .debug_macro   0x000177e1       0xc5 CMakeFiles/IoTdeviceV1.dir/Core/Src/main.c.obj
 .debug_macro   0x000178a6      0x19f CMakeFiles/IoTdeviceV1.dir/Core/Src/main.c.obj
 .debug_macro   0x00017a45      0x22c CMakeFiles/IoTdeviceV1.dir/Core/Src/main.c.obj
 .debug_macro   0x00017c71       0x5b CMakeFiles/IoTdeviceV1.dir/Core/Src/main.c.obj
 .debug_macro   0x00017ccc       0xa5 CMakeFiles/IoTdeviceV1.dir/Core/Src/main.c.obj
 .debug_macro   0x00017d71       0x81 CMakeFiles/IoTdeviceV1.dir/Core/Src/main.c.obj
 .debug_macro   0x00017df2       0xd3 CMakeFiles/IoTdeviceV1.dir/Core/Src/main.c.obj
 .debug_macro   0x00017ec5      0x2fe CMakeFiles/IoTdeviceV1.dir/Core/Src/main.c.obj
 .debug_macro   0x000181c3      0x5ba CMakeFiles/IoTdeviceV1.dir/Core/Src/main.c.obj
 .debug_macro   0x0001877d       0x44 CMakeFiles/IoTdeviceV1.dir/Core/Src/main.c.obj
 .debug_macro   0x000187c1      0x285 CMakeFiles/IoTdeviceV1.dir/Core/Src/main.c.obj
 .debug_macro   0x00018a46       0x1c CMakeFiles/IoTdeviceV1.dir/Core/Src/main.c.obj
 .debug_macro   0x00018a62      0x1f8 CMakeFiles/IoTdeviceV1.dir/Core/Src/gpio.c.obj
 .debug_macro   0x00018c5a      0x1f8 CMakeFiles/IoTdeviceV1.dir/Core/Src/adc.c.obj
 .debug_macro   0x00018e52      0x1f8 CMakeFiles/IoTdeviceV1.dir/Core/Src/spi.c.obj
 .debug_macro   0x0001904a      0x1f8 CMakeFiles/IoTdeviceV1.dir/Core/Src/usart.c.obj
 .debug_macro   0x00019242      0x1f8 CMakeFiles/IoTdeviceV1.dir/Core/Src/stm32f3xx_it.c.obj
 .debug_macro   0x0001943a      0x1ee CMakeFiles/IoTdeviceV1.dir/Core/Src/stm32f3xx_hal_msp.c.obj
 .debug_macro   0x00019628      0x209 CMakeFiles/IoTdeviceV1.dir/Drivers/STM32F3xx_HAL_Driver/Src/stm32f3xx_hal_adc_ex.c.obj